 HybridControllerD2D2_sfun

 Timestamp is 67b5eb86 (Wed Feb 19 09:32:38 2025)

 Preferred load address is 0000000180000000

 Start         Length     Name                   Class
 0001:00000000 0000cf90H .text$mn                CODE
 0001:0000cf90 00000036H .text$mn$00             CODE
 0001:0000cfc6 00000092H .text$x                 CODE
 0002:00000000 000003e8H .idata$5                DATA
 0002:000003e8 00000028H .00cfg                  DATA
 0002:00000410 00000008H .CRT$XCA                DATA
 0002:00000418 00000008H .CRT$XCZ                DATA
 0002:00000420 00000008H .CRT$XIA                DATA
 0002:00000428 00000008H .CRT$XIZ                DATA
 0002:00000430 00000008H .CRT$XPA                DATA
 0002:00000438 00000008H .CRT$XPZ                DATA
 0002:00000440 00000008H .CRT$XTA                DATA
 0002:00000448 00000008H .CRT$XTZ                DATA
 0002:00000450 00000000H .gehcont$y              DATA
 0002:00000450 00000000H .gfids$y                DATA
 0002:00000450 000022b0H .rdata                  DATA
 0002:00002700 00000008H .rdata$CastGuardVftablesA DATA
 0002:00002708 00000008H .rdata$CastGuardVftablesC DATA
 0002:00002710 00000020H .rdata$voltmd           DATA
 0002:00002730 00000278H .rdata$zzzdbg           DATA
 0002:000029a8 00000008H .rtc$IAA                DATA
 0002:000029b0 00000008H .rtc$IZZ                DATA
 0002:000029b8 00000008H .rtc$TAA                DATA
 0002:000029c0 00000008H .rtc$TZZ                DATA
 0002:000029c8 00001098H .xdata                  DATA
 0002:00003a60 00000084H .edata                  DATA
 0002:00003ae4 000000f0H .idata$2                DATA
 0002:00003bd4 00000014H .idata$3                DATA
 0002:00003be8 000003e8H .idata$4                DATA
 0002:00003fd0 00000a9aH .idata$6                DATA
 0003:00000000 00000070H .data                   DATA
 0003:00000070 00000f58H .bss                    DATA
 0004:00000000 00000db0H .pdata                  DATA

  Address         Publics by Value              Rva+Base               Lib:Object

 0000:00000000       __hybrid_code_map          0000000000000000     <absolute>
 0000:00000000       ___safe_se_handler_count   0000000000000000     <absolute>
 0000:00000000       __AbsoluteZero             0000000000000000     <absolute>
 0000:00000000       ___safe_se_handler_table   0000000000000000     <absolute>
 0000:00000000       __guard_eh_cont_count      0000000000000000     <absolute>
 0000:00000000       __guard_longjmp_table      0000000000000000     <absolute>
 0000:00000000       __guard_longjmp_count      0000000000000000     <absolute>
 0000:00000000       __arm64x_native_entrypoint 0000000000000000     <absolute>
 0000:00000000       __dynamic_value_reloc_table 0000000000000000     <absolute>
 0000:00000000       __arm64x_redirection_metadata 0000000000000000     <absolute>
 0000:00000000       __guard_iat_count          0000000000000000     <absolute>
 0000:00000000       __x64_code_ranges_to_entry_points 0000000000000000     <absolute>
 0000:00000000       __arm64x_redirection_metadata_count 0000000000000000     <absolute>
 0000:00000000       __guard_fids_table         0000000000000000     <absolute>
 0000:00000000       __guard_check_icall_a64n_fptr 0000000000000000     <absolute>
 0000:00000000       __hybrid_code_map_count    0000000000000000     <absolute>
 0000:00000000       __enclave_config           0000000000000000     <absolute>
 0000:00000000       __arm64x_extra_rfe_table   0000000000000000     <absolute>
 0000:00000000       __guard_iat_table          0000000000000000     <absolute>
 0000:00000000       __guard_fids_count         0000000000000000     <absolute>
 0000:00000000       __arm64x_extra_rfe_table_size 0000000000000000     <absolute>
 0000:00000000       __x64_code_ranges_to_entry_points_count 0000000000000000     <absolute>
 0000:00000000       __hybrid_auxiliary_iat_copy 0000000000000000     <absolute>
 0000:00000000       __hybrid_auxiliary_iat     0000000000000000     <absolute>
 0000:00000000       __guard_eh_cont_table      0000000000000000     <absolute>
 0000:00000100       __guard_flags              0000000000000100     <absolute>
 0000:00000000       __ImageBase                0000000180000000     <linker-defined>
 0001:00000000       HybridControllerD2D2_initializer 0000000180001000 f   HybridControllerD2D2_sfun.obj
 0001:00000010       HybridControllerD2D2_register_exported_symbols 0000000180001010 f   HybridControllerD2D2_sfun.obj
 0001:00000020       HybridControllerD2D2_terminator 0000000180001020 f   HybridControllerD2D2_sfun.obj
 0001:00000030       load_HybridControllerD2D2_optimization_info 0000000180001030 f   HybridControllerD2D2_sfun.obj
 0001:000000e0       sf_HybridControllerD2D2_get_eml_resolved_functions_info 00000001800010e0 f   HybridControllerD2D2_sfun.obj
 0001:000001f0       sf_HybridControllerD2D2_get_post_codegen_info 00000001800011f0 f   HybridControllerD2D2_sfun.obj
 0001:000002f0       sf_HybridControllerD2D2_jit_fallback_info 00000001800012f0 f   HybridControllerD2D2_sfun.obj
 0001:000003f0       sf_HybridControllerD2D2_method_dispatcher 00000001800013f0 f   HybridControllerD2D2_sfun.obj
 0001:00000420       sf_HybridControllerD2D2_process_check_sum_call 0000000180001420 f   HybridControllerD2D2_sfun.obj
 0001:000006f0       sf_HybridControllerD2D2_third_party_uses_info 00000001800016f0 f   HybridControllerD2D2_sfun.obj
 0001:000007f0       sf_HybridControllerD2D2_updateBuildInfo_args_info 00000001800017f0 f   HybridControllerD2D2_sfun.obj
 0001:000008f0       unload_HybridControllerD2D2_optimization_info 00000001800018f0 f   HybridControllerD2D2_sfun.obj
 0001:00000ee0       c2_HybridControllerD2D2_method_dispatcher 0000000180001ee0 f   c2_HybridControllerD2D2.obj
 0001:00002e70       sf_c2_HybridControllerD2D2_get_check_sum 0000000180003e70 f   c2_HybridControllerD2D2.obj
 0001:00002ee0       sf_c2_HybridControllerD2D2_get_eml_resolved_functions_info 0000000180003ee0 f   c2_HybridControllerD2D2.obj
 0001:00002f40       sf_c2_HybridControllerD2D2_get_post_codegen_info 0000000180003f40 f   c2_HybridControllerD2D2.obj
 0001:00003120       sf_c2_HybridControllerD2D2_jit_fallback_info 0000000180004120 f   c2_HybridControllerD2D2.obj
 0001:00003270       sf_c2_HybridControllerD2D2_third_party_uses_info 0000000180004270 f   c2_HybridControllerD2D2.obj
 0001:00003280       sf_c2_HybridControllerD2D2_updateBuildInfo_args_info 0000000180004280 f   c2_HybridControllerD2D2.obj
 0001:00003da0       ProcessMexSfunctionEveryCall 0000000180004da0 f   HybridControllerD2D2_sfun_registry.obj
 0001:00004b90       __local_stdio_printf_options 0000000180005b90 f i HybridControllerD2D2_sfun_registry.obj
 0001:00004ba0       _ssGetAbsTol               0000000180005ba0 f   HybridControllerD2D2_sfun_registry.obj
 0001:00004c70       _ssGetCallSystemNumFcnCallDestinations 0000000180005c70 f   HybridControllerD2D2_sfun_registry.obj
 0001:00004cb0       _ssGetCompInputPortSymbolicDimsId 0000000180005cb0 f   HybridControllerD2D2_sfun_registry.obj
 0001:00004cf0       _ssGetCompOutputPortSymbolicDimsId 0000000180005cf0 f   HybridControllerD2D2_sfun_registry.obj
 0001:00004d30       _ssGetCurrentInputPortWidth 0000000180005d30 f   HybridControllerD2D2_sfun_registry.obj
 0001:00004d90       _ssGetCurrentOutputPortWidth 0000000180005d90 f   HybridControllerD2D2_sfun_registry.obj
 0001:00004df0       _ssGetIWorkValueFcn        0000000180005df0 f   HybridControllerD2D2_sfun_registry.obj
 0001:00004e40       _ssGetInputPortBufferDstPortFcn 0000000180005e40 f   HybridControllerD2D2_sfun_registry.obj
 0001:00004e90       _ssGetInputPortSignalFcn   0000000180005e90 f   HybridControllerD2D2_sfun_registry.obj
 0001:000050d0       _ssGetInputPortSignalPtrsFcn 00000001800060d0 f   HybridControllerD2D2_sfun_registry.obj
 0001:00005310       _ssGetNumSymbolicDims      0000000180006310 f   HybridControllerD2D2_sfun_registry.obj
 0001:00005360       _ssGetPWorkValueFcn        0000000180006360 f   HybridControllerD2D2_sfun_registry.obj
 0001:000053b0       _ssGetRWorkValueFcn        00000001800063b0 f   HybridControllerD2D2_sfun_registry.obj
 0001:00005400       _ssGetSymbolicDim          0000000180006400 f   HybridControllerD2D2_sfun_registry.obj
 0001:00005440       _ssRegisterSymbolicDims    0000000180006440 f   HybridControllerD2D2_sfun_registry.obj
 0001:00005490       _ssRegisterSymbolicDimsDivide 0000000180006490 f   HybridControllerD2D2_sfun_registry.obj
 0001:000054d0       _ssRegisterSymbolicDimsExpr 00000001800064d0 f   HybridControllerD2D2_sfun_registry.obj
 0001:00005520       _ssRegisterSymbolicDimsIntValue 0000000180006520 f   HybridControllerD2D2_sfun_registry.obj
 0001:00005560       _ssRegisterSymbolicDimsMinus 0000000180006560 f   HybridControllerD2D2_sfun_registry.obj
 0001:000055a0       _ssRegisterSymbolicDimsMultiply 00000001800065a0 f   HybridControllerD2D2_sfun_registry.obj
 0001:000055e0       _ssRegisterSymbolicDimsPlus 00000001800065e0 f   HybridControllerD2D2_sfun_registry.obj
 0001:00005620       _ssRegisterSymbolicDimsString 0000000180006620 f   HybridControllerD2D2_sfun_registry.obj
 0001:00005670       _ssSetCompDWorkSymbolicDimsId 0000000180006670 f   HybridControllerD2D2_sfun_registry.obj
 0001:000056b0       _ssSetCompInputPortSymbolicDimsId 00000001800066b0 f   HybridControllerD2D2_sfun_registry.obj
 0001:000056f0       _ssSetCompOutputPortSymbolicDimsId 00000001800066f0 f   HybridControllerD2D2_sfun_registry.obj
 0001:00005730       _ssSetIWorkValueFcn        0000000180006730 f   HybridControllerD2D2_sfun_registry.obj
 0001:00005780       _ssSetInputPortDirectFeedThroughFcn 0000000180006780 f   HybridControllerD2D2_sfun_registry.obj
 0001:00005890       _ssSetInputPortMatrixDimensions 0000000180006890 f   HybridControllerD2D2_sfun_registry.obj
 0001:00005930       _ssSetInputPortReusableFcn 0000000180006930 f   HybridControllerD2D2_sfun_registry.obj
 0001:000059f0       _ssSetInputPortSymbolicDimsId 00000001800069f0 f   HybridControllerD2D2_sfun_registry.obj
 0001:00005a30       _ssSetInputPortVectorDimension 0000000180006a30 f   HybridControllerD2D2_sfun_registry.obj
 0001:00005a90       _ssSetOutputPortMatrixDimensions 0000000180006a90 f   HybridControllerD2D2_sfun_registry.obj
 0001:00005b30       _ssSetOutputPortReusableFcn 0000000180006b30 f   HybridControllerD2D2_sfun_registry.obj
 0001:00005bf0       _ssSetOutputPortSymbolicDimsId 0000000180006bf0 f   HybridControllerD2D2_sfun_registry.obj
 0001:00005c30       _ssSetOutputPortVectorDimension 0000000180006c30 f   HybridControllerD2D2_sfun_registry.obj
 0001:00005c90       _ssSetPWorkValueFcn        0000000180006c90 f   HybridControllerD2D2_sfun_registry.obj
 0001:00005ce0       _ssSetRWorkValueFcn        0000000180006ce0 f   HybridControllerD2D2_sfun_registry.obj
 0001:00005d30       _ssSetStateAbsTol          0000000180006d30 f   HybridControllerD2D2_sfun_registry.obj
 0001:00005da0       _ssSetSymbolicDimsSupport  0000000180006da0 f   HybridControllerD2D2_sfun_registry.obj
 0001:00005dd0       _vsnprintf_l               0000000180006dd0 f i HybridControllerD2D2_sfun_registry.obj
 0001:00005e40       _vsprintf_l                0000000180006e40 f i HybridControllerD2D2_sfun_registry.obj
 0001:00005eb0       callCustomFcn              0000000180006eb0 f   HybridControllerD2D2_sfun_registry.obj
 0001:00005f10       mdlGetSimState             0000000180006f10 f   HybridControllerD2D2_sfun_registry.obj
 0001:00006020       mdlSetSimState             0000000180007020 f   HybridControllerD2D2_sfun_registry.obj
 0001:000064c0       mexFunction                00000001800074c0 f   HybridControllerD2D2_sfun_registry.obj
 0001:00007400       sf_machine_global_initializer 0000000180008400 f   HybridControllerD2D2_sfun_registry.obj
 0001:00007440       sf_machine_global_initializer_called 0000000180008440 f   HybridControllerD2D2_sfun_registry.obj
 0001:00007450       sf_machine_global_method_dispatcher 0000000180008450 f   HybridControllerD2D2_sfun_registry.obj
 0001:000074c0       sf_machine_global_terminator 00000001800084c0 f   HybridControllerD2D2_sfun_registry.obj
 0001:000074d0       sf_mex_unlock_call         00000001800084d0 f   HybridControllerD2D2_sfun_registry.obj
 0001:00007570       sf_process_check_sum_call  0000000180008570 f   HybridControllerD2D2_sfun_registry.obj
 0001:00007590       sf_process_get_eml_resolved_functions_info_call 0000000180008590 f   HybridControllerD2D2_sfun_registry.obj
 0001:000076a0       sf_process_get_jit_fallback_info_call 00000001800086a0 f   HybridControllerD2D2_sfun_registry.obj
 0001:000077b0       sf_process_get_post_codegen_info_call 00000001800087b0 f   HybridControllerD2D2_sfun_registry.obj
 0001:000078c0       sf_process_get_third_party_uses_info_call 00000001800088c0 f   HybridControllerD2D2_sfun_registry.obj
 0001:000079d0       sf_process_get_updateBuildInfo_args_info_call 00000001800089d0 f   HybridControllerD2D2_sfun_registry.obj
 0001:00007ae0       sf_register_machine_exported_symbols 0000000180008ae0 f   HybridControllerD2D2_sfun_registry.obj
 0001:00007af0       sprintf                    0000000180008af0 f i HybridControllerD2D2_sfun_registry.obj
 0001:00007b50       ssCloneAndAddZcSignalInfo  0000000180008b50 f   HybridControllerD2D2_sfun_registry.obj
 0001:00007ba0       ssCreateAndAddZcSignalInfo 0000000180008ba0 f   HybridControllerD2D2_sfun_registry.obj
 0001:00007bf0       ssGetDTypeIdFromMxArray    0000000180008bf0 f   HybridControllerD2D2_sfun_registry.obj
 0001:00007cc0       ssGetIsInputPortElementContinuous 0000000180008cc0 f   HybridControllerD2D2_sfun_registry.obj
 0001:00007d30       ssGetIsZeroCrossControlDisabled 0000000180008d30 f   HybridControllerD2D2_sfun_registry.obj
 0001:00007d70       ssGetNumZcSignals          0000000180008d70 f   HybridControllerD2D2_sfun_registry.obj
 0001:00007db0       ssGetParameterTuningCompliance 0000000180008db0 f   HybridControllerD2D2_sfun_registry.obj
 0001:00007df0       ssGetSFuncBlockHandle      0000000180008df0 f   HybridControllerD2D2_sfun_registry.obj
 0001:00007e30       ssGetZcSignalIsZcElementDisc 0000000180008e30 f   HybridControllerD2D2_sfun_registry.obj
 0001:00007ea0       ssGetZcSignalName          0000000180008ea0 f   HybridControllerD2D2_sfun_registry.obj
 0001:00007ef0       ssGetZcSignalNeedsEventNotification 0000000180008ef0 f   HybridControllerD2D2_sfun_registry.obj
 0001:00007f30       ssGetZcSignalType          0000000180008f30 f   HybridControllerD2D2_sfun_registry.obj
 0001:00007f70       ssGetZcSignalVector        0000000180008f70 f   HybridControllerD2D2_sfun_registry.obj
 0001:00007fc0       ssGetZcSignalWidth         0000000180008fc0 f   HybridControllerD2D2_sfun_registry.obj
 0001:00008000       ssGetZcSignalZcEventType   0000000180009000 f   HybridControllerD2D2_sfun_registry.obj
 0001:00008040       ssGetZcSignalZcEvents      0000000180009040 f   HybridControllerD2D2_sfun_registry.obj
 0001:00008090       ssGetZcSignalZcTol         0000000180009090 f   HybridControllerD2D2_sfun_registry.obj
 0001:000080d0       ssIsRunTimeParamTunable    00000001800090d0 f   HybridControllerD2D2_sfun_registry.obj
 0001:00008110       ssSetIsInputPortUsedForContZcSignal 0000000180009110 f   HybridControllerD2D2_sfun_registry.obj
 0001:00008150       ssSetZcSignalIsZcElementDisc 0000000180009150 f   HybridControllerD2D2_sfun_registry.obj
 0001:000081b0       ssSetZcSignalName          00000001800091b0 f   HybridControllerD2D2_sfun_registry.obj
 0001:000081e0       ssSetZcSignalNeedsEventNotification 00000001800091e0 f   HybridControllerD2D2_sfun_registry.obj
 0001:00008220       ssSetZcSignalType          0000000180009220 f   HybridControllerD2D2_sfun_registry.obj
 0001:00008260       ssSetZcSignalWidth         0000000180009260 f   HybridControllerD2D2_sfun_registry.obj
 0001:000082a0       ssSetZcSignalZcEventType   00000001800092a0 f   HybridControllerD2D2_sfun_registry.obj
 0001:000082e0       ssSetZcSignalZcTol         00000001800092e0 f   HybridControllerD2D2_sfun_registry.obj
 0001:00008320       ssWarning                  0000000180009320 f   HybridControllerD2D2_sfun_registry.obj
 0001:00008400       ssWriteRTWMx2dMatParam     0000000180009400 f   HybridControllerD2D2_sfun_registry.obj
 0001:00008450       ssWriteRTWMxVectParam      0000000180009450 f   HybridControllerD2D2_sfun_registry.obj
 0001:00008490       ssWriteRTWNameValuePair    0000000180009490 f   HybridControllerD2D2_sfun_registry.obj
 0001:00008680       ssWriteRTWParamSettings    0000000180009680 f   HybridControllerD2D2_sfun_registry.obj
 0001:00008960       ssWriteRTWParameters       0000000180009960 f   HybridControllerD2D2_sfun_registry.obj
 0001:00008b60       ssWriteRTWStr              0000000180009b60 f   HybridControllerD2D2_sfun_registry.obj
 0001:00008b80       ssWriteRTWWorkVect         0000000180009b80 f   HybridControllerD2D2_sfun_registry.obj
 0001:00008f80       mexfilerequiredapiversion  0000000180009f80 f   c_mexapi_version.obj
 0001:00008f90       _vfprintf_l                0000000180009f90 f i PredictorCorrector.obj
 0001:00008ff0       correctA1                  0000000180009ff0 f   PredictorCorrector.obj
 0001:00009030       correctA2                  000000018000a030 f   PredictorCorrector.obj
 0001:000090f0       correctA3                  000000018000a0f0 f   PredictorCorrector.obj
 0001:000092a0       correctD1                  000000018000a2a0 f   PredictorCorrector.obj
 0001:00009320       correctD2                  000000018000a320 f   PredictorCorrector.obj
 0001:00009440       correctD3                  000000018000a440 f   PredictorCorrector.obj
 0001:00009600       correctDV                  000000018000a600 f   PredictorCorrector.obj
 0001:00009700       correctDVA                 000000018000a700 f   PredictorCorrector.obj
 0001:000098d0       correctP1                  000000018000a8d0 f   PredictorCorrector.obj
 0001:00009940       correctP2                  000000018000a940 f   PredictorCorrector.obj
 0001:00009a10       correctP3                  000000018000aa10 f   PredictorCorrector.obj
 0001:00009b30       correctV1                  000000018000ab30 f   PredictorCorrector.obj
 0001:00009bc0       correctV2                  000000018000abc0 f   PredictorCorrector.obj
 0001:00009cf0       correctV3                  000000018000acf0 f   PredictorCorrector.obj
 0001:00009f00       getNumSubSteps             000000018000af00 f   PredictorCorrector.obj
 0001:0000a020       initData                   000000018000b020 f   PredictorCorrector.obj
 0001:0000a2f0       predictA1                  000000018000b2f0 f   PredictorCorrector.obj
 0001:0000a330       predictA2                  000000018000b330 f   PredictorCorrector.obj
 0001:0000a3f0       predictA3                  000000018000b3f0 f   PredictorCorrector.obj
 0001:0000a5a0       predictD0                  000000018000b5a0 f   PredictorCorrector.obj
 0001:0000a5e0       predictD1                  000000018000b5e0 f   PredictorCorrector.obj
 0001:0000a660       predictD2                  000000018000b660 f   PredictorCorrector.obj
 0001:0000a740       predictD3                  000000018000b740 f   PredictorCorrector.obj
 0001:0000a8c0       predictDV                  000000018000b8c0 f   PredictorCorrector.obj
 0001:0000a9b0       predictDVA                 000000018000b9b0 f   PredictorCorrector.obj
 0001:0000aa30       predictP0                  000000018000ba30 f   PredictorCorrector.obj
 0001:0000aa70       predictP1                  000000018000ba70 f   PredictorCorrector.obj
 0001:0000aae0       predictP2                  000000018000bae0 f   PredictorCorrector.obj
 0001:0000aba0       predictP3                  000000018000bba0 f   PredictorCorrector.obj
 0001:0000acc0       predictV1                  000000018000bcc0 f   PredictorCorrector.obj
 0001:0000ad30       predictV2                  000000018000bd30 f   PredictorCorrector.obj
 0001:0000ae30       predictV3                  000000018000be30 f   PredictorCorrector.obj
 0001:0000b060       printf                     000000018000c060 f i PredictorCorrector.obj
 0001:0000b0c0       setCurSig                  000000018000c0c0 f   PredictorCorrector.obj
 0001:0000b110       setData                    000000018000c110 f   PredictorCorrector.obj
 0001:0000b200       setDataDot                 000000018000c200 f   PredictorCorrector.obj
 0001:0000b260       setDataDotDot              000000018000c260 f   PredictorCorrector.obj
 0001:0000b2b0       setNewSig                  000000018000c2b0 f   PredictorCorrector.obj
 0001:0000b610       setNewSigDot               000000018000c610 f   PredictorCorrector.obj
 0001:0000b690       setNewSigDotDot            000000018000c690 f   PredictorCorrector.obj
 0001:0000b6e0       setSig                     000000018000c6e0 f   PredictorCorrector.obj
 0001:0000b720       setSigDot                  000000018000c720 f   PredictorCorrector.obj
 0001:0000b760       setSigDotDot               000000018000c760 f   PredictorCorrector.obj
 0001:0000b7b0       zeroData                   000000018000c7b0 f   PredictorCorrector.obj
 0001:0000b8a0       zeroSig                    000000018000c8a0 f   PredictorCorrector.obj
 0001:0000b8d1       sf_load_rtw_optimization_info 000000018000c8d1 f   sf_runtime:sf_runtime.dll
 0001:0000b8d7       sf_mex_decode              000000018000c8d7 f   sf_runtime:sf_runtime.dll
 0001:0000b8dd       sf_init_ChartRunTimeInfo   000000018000c8dd f   sf_runtime:sf_runtime.dll
 0001:0000b8e3       sf_free_ChartRunTimeInfo   000000018000c8e3 f   sf_runtime:sf_runtime.dll
 0001:0000b8e9       sfrtGetEmlrtCtx            000000018000c8e9 f   sf_runtime:sf_runtime.dll
 0001:0000b8ef       sf_get_chart_instance_ptr  000000018000c8ef f   sf_runtime:sf_runtime.dll
 0001:0000b8f5       sim_mode_is_rtw_gen        000000018000c8f5 f   sf_runtime:sf_runtime.dll
 0001:0000b8fb       sim_mode_is_external       000000018000c8fb f   sf_runtime:sf_runtime.dll
 0001:0000b901       sf_mex_get_sfun_param      000000018000c901 f   sf_runtime:sf_runtime.dll
 0001:0000b907       sf_clear_rtw_identifier    000000018000c907 f   sf_runtime:sf_runtime.dll
 0001:0000b90d       sf_get_output_port_reusable 000000018000c90d f   sf_runtime:sf_runtime.dll
 0001:0000b913       sf_get_time                000000018000c913 f   sf_runtime:sf_runtime.dll
 0001:0000b919       sfDoAnimationWrapper       000000018000c919 f   sf_runtime:sf_runtime.dll
 0001:0000b91f       setDataBrowseFcn           000000018000c91f f   sf_runtime:sf_runtime.dll
 0001:0000b925       setLegacyDebuggerFlag      000000018000c925 f   sf_runtime:sf_runtime.dll
 0001:0000b92b       setDebuggerFlag            000000018000c92b f   sf_runtime:sf_runtime.dll
 0001:0000b931       sf_warn_if_symbolic_dimension_param_changed 000000018000c931 f   sf_runtime:sf_runtime.dll
 0001:0000b937       sf_set_work_widths         000000018000c937 f   sf_runtime:sf_runtime.dll
 0001:0000b93d       sf_mex_printf              000000018000c93d f   sf_runtime:sf_runtime.dll
 0001:0000b943       sf_mex_call                000000018000c943 f   sf_runtime:sf_runtime.dll
 0001:0000b949       sf_mex_error_message       000000018000c949 f   sf_runtime:sf_runtime.dll
 0001:0000b94f       sf_mex_create              000000018000c94f f   sf_runtime:sf_runtime.dll
 0001:0000b955       sf_mex_createcellmatrix    000000018000c955 f   sf_runtime:sf_runtime.dll
 0001:0000b95b       sf_mex_setcell             000000018000c95b f   sf_runtime:sf_runtime.dll
 0001:0000b961       sf_mex_getcell             000000018000c961 f   sf_runtime:sf_runtime.dll
 0001:0000b967       sf_mex_assign              000000018000c967 f   sf_runtime:sf_runtime.dll
 0001:0000b96d       sf_mex_dup                 000000018000c96d f   sf_runtime:sf_runtime.dll
 0001:0000b973       sf_mex_destroy             000000018000c973 f   sf_runtime:sf_runtime.dll
 0001:0000b979       sf_mex_import              000000018000c979 f   sf_runtime:sf_runtime.dll
 0001:0000b97f       sf_mex_import_named        000000018000c97f f   sf_runtime:sf_runtime.dll
 0001:0000b985       sf_mex_duplicatearraysafe  000000018000c985 f   sf_runtime:sf_runtime.dll
 0001:0000b98b       ssGetDWork_wrapper         000000018000c98b f   sf_runtime:sf_runtime.dll
 0001:0000b991       ssGetInputPortSignal_wrapper 000000018000c991 f   sf_runtime:sf_runtime.dll
 0001:0000b997       ssGetOutputPortSignal_wrapper 000000018000c997 f   sf_runtime:sf_runtime.dll
 0001:0000b99d       sf_get_ChartInfoStruct_CodeGen 000000018000c99d f   sf_runtime:sf_runtime.dll
 0001:0000b9a3       sf_get_hasSeparateUpdateOutputs 000000018000c9a3 f   sf_runtime:sf_runtime.dll
 0001:0000b9a9       callMdlMethodAndReportError 000000018000c9a9 f   sf_runtime:sf_runtime.dll
 0001:0000b9af       call_sf_machine_global_method_dispatcher 000000018000c9af f   sf_runtime:sf_runtime.dll
 0001:0000b9b5       getRuntimeInstanceInfoAsVoid 000000018000c9b5 f   sf_runtime:sf_runtime.dll
 0001:0000b9bb       sf_mex_error_direct_call   000000018000c9bb f   sf_runtime:sf_runtime.dll
 0001:0000b9c1       sf_clear_error_manager_info 000000018000c9c1 f   sf_runtime:sf_runtime.dll
 0001:0000b9c7       mxIsChar_800               000000018000c9c7 f   libmx:libmx.dll
 0001:0000b9cd       mxGetScalar_800            000000018000c9cd f   libmx:libmx.dll
 0001:0000b9d3       mxGetPr_800                000000018000c9d3 f   libmx:libmx.dll
 0001:0000b9d9       mxDestroyArray_800         000000018000c9d9 f   libmx:libmx.dll
 0001:0000b9df       mxCreateDoubleMatrix_800   000000018000c9df f   libmx:libmx.dll
 0001:0000b9e5       mxGetString_800            000000018000c9e5 f   libmx:libmx.dll
 0001:0000b9eb       mxDuplicateArray_800       000000018000c9eb f   libmx:libmx.dll
 0001:0000b9f1       mxSetField_800             000000018000c9f1 f   libmx:libmx.dll
 0001:0000b9f7       mxCreateString_800         000000018000c9f7 f   libmx:libmx.dll
 0001:0000b9fd       mxCreateCellMatrix_800     000000018000c9fd f   libmx:libmx.dll
 0001:0000ba03       mxCreateStructMatrix_800   000000018000ca03 f   libmx:libmx.dll
 0001:0000ba09       mxCalloc_800               000000018000ca09 f   libmx:libmx.dll
 0001:0000ba0f       mxGetM_800                 000000018000ca0f f   libmx:libmx.dll
 0001:0000ba15       mxGetClassID_800           000000018000ca15 f   libmx:libmx.dll
 0001:0000ba1b       mxIsNumeric_800            000000018000ca1b f   libmx:libmx.dll
 0001:0000ba21       mxIsComplex_800            000000018000ca21 f   libmx:libmx.dll
 0001:0000ba27       mxGetN_800                 000000018000ca27 f   libmx:libmx.dll
 0001:0000ba2d       mxCreateDoubleScalar_800   000000018000ca2d f   libmx:libmx.dll
 0001:0000ba33       mexMakeArrayPersistent_800 000000018000ca33 f   libmex:libmex.dll
 0001:0000ba39       mexErrMsgTxt_800           000000018000ca39 f   libmex:libmex.dll
 0001:0000ba3f       mexWarnMsgTxt_800          000000018000ca3f f   libmex:libmex.dll
 0001:0000ba45       mexCallMATLAB_800          000000018000ca45 f   libmex:libmex.dll
 0001:0000ba4b       mexLock_800                000000018000ca4b f   libmex:libmex.dll
 0001:0000ba51       mexUnlock_800              000000018000ca51 f   libmex:libmex.dll
 0001:0000ba57       mexIsLocked_800            000000018000ca57 f   libmex:libmex.dll
 0001:0000ba5d       utMalloc                   000000018000ca5d f   libut:libut.dll
 0001:0000ba63       utFree                     000000018000ca63 f   libut:libut.dll
 0001:0000ba69       muDoubleScalarMax          000000018000ca69 f   libmwmathutil:libmwmathutil.dll
 0001:0000ba6f       muDoubleScalarMin          000000018000ca6f f   libmwmathutil:libmwmathutil.dll
 0001:0000ba78       __GSHandlerCheck           000000018000ca78 f   MSVCRT:gshandler.obj
 0001:0000ba98       __GSHandlerCheckCommon     000000018000ca98 f   MSVCRT:gshandler.obj
 0001:0000bb10       __security_check_cookie    000000018000cb10 f   MSVCRT:amdsecgs.obj
 0001:0000be6c       _CRT_INIT                  000000018000ce6c f   MSVCRT:dll_dllmain.obj
 0001:0000be74       _DllMainCRTStartup         000000018000ce74 f   MSVCRT:dll_dllmain.obj
 0001:0000beb4       __raise_securityfailure    000000018000ceb4 f   MSVCRT:gs_report.obj
 0001:0000bee8       __report_gsfailure         000000018000cee8 f   MSVCRT:gs_report.obj
 0001:0000bfbc       __report_rangecheckfailure 000000018000cfbc f   MSVCRT:gs_report.obj
 0001:0000bfd0       __report_securityfailure   000000018000cfd0 f   MSVCRT:gs_report.obj
 0001:0000c06c       __report_securityfailureEx 000000018000d06c f   MSVCRT:gs_report.obj
 0001:0000c2cc       __security_init_cookie     000000018000d2cc f   MSVCRT:gs_support.obj
 0001:0000c378       DllMain                    000000018000d378 f   MSVCRT:dll_dllmain_stub.obj
 0001:0000c39c       ?__scrt_initialize_type_info@@YAXXZ 000000018000d39c f   MSVCRT:tncleanup.obj
 0001:0000c3ac       ?__scrt_uninitialize_type_info@@YAXXZ 000000018000d3ac f   MSVCRT:tncleanup.obj
 0001:0000c3b8       __local_stdio_scanf_options 000000018000d3b8 f i MSVCRT:default_local_stdio_options.obj
 0001:0000c3c0       __scrt_initialize_default_local_stdio_options 000000018000d3c0 f   MSVCRT:default_local_stdio_options.obj
 0001:0000c3dc       ?configure_argv@__scrt_narrow_argv_policy@@SAHXZ 000000018000d3dc f i MSVCRT:utility.obj
 0001:0000c43c       ?initialize_environment@__scrt_narrow_environment_policy@@SAHXZ 000000018000d43c f i MSVCRT:utility.obj
 0001:0000c474       NtCurrentTeb               000000018000d474 f i MSVCRT:utility.obj
 0001:0000c480       __scrt_acquire_startup_lock 000000018000d480 f   MSVCRT:utility.obj
 0001:0000c4bc       __scrt_dllmain_after_initialize_c 000000018000d4bc f   MSVCRT:utility.obj
 0001:0000c4f0       __scrt_dllmain_before_initialize_c 000000018000d4f0 f   MSVCRT:utility.obj
 0001:0000c508       __scrt_dllmain_crt_thread_attach 000000018000d508 f   MSVCRT:utility.obj
 0001:0000c530       __scrt_dllmain_crt_thread_detach 000000018000d530 f   MSVCRT:utility.obj
 0001:0000c548       __scrt_dllmain_exception_filter 000000018000d548 f   MSVCRT:utility.obj
 0001:0000c5a8       __scrt_dllmain_uninitialize_c 000000018000d5a8 f   MSVCRT:utility.obj
 0001:0000c5d8       __scrt_dllmain_uninitialize_critical 000000018000d5d8 f   MSVCRT:utility.obj
 0001:0000c5ec       __scrt_initialize_crt      000000018000d5ec f   MSVCRT:utility.obj
 0001:0000c638       __scrt_initialize_onexit_tables 000000018000d638 f   MSVCRT:utility.obj
 0001:0000c6c4       __scrt_is_nonwritable_in_current_image 000000018000d6c4 f   MSVCRT:utility.obj
 0001:0000c75c       __scrt_release_startup_lock 000000018000d75c f   MSVCRT:utility.obj
 0001:0000c780       __scrt_uninitialize_crt    000000018000d780 f   MSVCRT:utility.obj
 0001:0000c7ac       _onexit                    000000018000d7ac f   MSVCRT:utility.obj
 0001:0000c7e8       at_quick_exit              000000018000d7e8 f   MSVCRT:utility.obj
 0001:0000c808       atexit                     000000018000d808 f   MSVCRT:utility.obj
 0001:0000c820       __scrt_get_dyn_tls_init_callback 000000018000d820 f   MSVCRT:dyn_tls_init.obj
 0001:0000c828       __crt_debugger_hook        000000018000d828 f   MSVCRT:utility_desktop.obj
 0001:0000c830       __scrt_fastfail            000000018000d830 f   MSVCRT:utility_desktop.obj
 0001:0000c97c       __scrt_get_show_window_mode 000000018000d97c f   MSVCRT:utility_desktop.obj
 0001:0000c9b8       __scrt_initialize_mta      000000018000d9b8 f   MSVCRT:utility_desktop.obj
 0001:0000c9c0       __scrt_initialize_winrt    000000018000d9c0 f   MSVCRT:utility_desktop.obj
 0001:0000c9c4       __scrt_is_managed_app      000000018000d9c4 f   MSVCRT:utility_desktop.obj
 0001:0000ca18       __scrt_set_unhandled_exception_filter 000000018000da18 f   MSVCRT:utility_desktop.obj
 0001:0000ca28       __scrt_exe_initialize_mta  000000018000da28 f   MSVCRT:utility_desktop.obj
 0001:0000ca28       __scrt_stub_for_initialize_mta 000000018000da28 f   MSVCRT:utility_desktop.obj
 0001:0000ca2c       __scrt_unhandled_exception_filter 000000018000da2c f   MSVCRT:utility_desktop.obj
 0001:0000ca88       _RTC_Initialize            000000018000da88 f   MSVCRT:initsect.obj
 0001:0000cac4       _RTC_Terminate             000000018000dac4 f   MSVCRT:initsect.obj
 0001:0000cb00       _guard_check_icall_nop     000000018000db00 f i MSVCRT:guard_support.obj
 0001:0000cb04       ReadNoFence64              000000018000db04 f i MSVCRT:guard_support.obj
 0001:0000cb08       ReadPointerNoFence         000000018000db08 f i MSVCRT:guard_support.obj
 0001:0000cb0c       __castguard_check_failure_debugbreak 000000018000db0c f i MSVCRT:guard_support.obj
 0001:0000cb28       __castguard_check_failure_fastfail 000000018000db28 f i MSVCRT:guard_support.obj
 0001:0000cb4c       __castguard_check_failure_nop 000000018000db4c f i MSVCRT:guard_support.obj
 0001:0000cb50       __castguard_check_failure_os_handled 000000018000db50 f i MSVCRT:guard_support.obj
 0001:0000cbb0       __castguard_slow_path_check_debugbreak 000000018000dbb0 f i MSVCRT:guard_support.obj
 0001:0000cbe4       __castguard_slow_path_check_fastfail 000000018000dbe4 f i MSVCRT:guard_support.obj
 0001:0000cc20       __castguard_slow_path_check_nop 000000018000dc20 f i MSVCRT:guard_support.obj
 0001:0000cc24       __castguard_slow_path_check_os_handled 000000018000dc24 f i MSVCRT:guard_support.obj
 0001:0000cc98       _guard_icall_checks_enforced 000000018000dc98 f i MSVCRT:guard_support.obj
 0001:0000ccb0       _guard_rf_checks_enforced  000000018000dcb0 f i MSVCRT:guard_support.obj
 0001:0000ccb4       __isa_available_init       000000018000dcb4 f   MSVCRT:cpu_disp.obj
 0001:0000ce58       _get_startup_argv_mode     000000018000de58 f   MSVCRT:argv_mode.obj
 0001:0000ce60       __scrt_is_ucrt_dll_in_use  000000018000de60 f   MSVCRT:ucrt_detection.obj
 0001:0000ce70       RtlCaptureContext          000000018000de70 f   kernel32:KERNEL32.dll
 0001:0000ce76       RtlLookupFunctionEntry     000000018000de76 f   kernel32:KERNEL32.dll
 0001:0000ce7c       RtlVirtualUnwind           000000018000de7c f   kernel32:KERNEL32.dll
 0001:0000ce82       UnhandledExceptionFilter   000000018000de82 f   kernel32:KERNEL32.dll
 0001:0000ce88       SetUnhandledExceptionFilter 000000018000de88 f   kernel32:KERNEL32.dll
 0001:0000ce8e       GetCurrentProcess          000000018000de8e f   kernel32:KERNEL32.dll
 0001:0000ce94       TerminateProcess           000000018000de94 f   kernel32:KERNEL32.dll
 0001:0000ce9a       IsProcessorFeaturePresent  000000018000de9a f   kernel32:KERNEL32.dll
 0001:0000cea0       QueryPerformanceCounter    000000018000dea0 f   kernel32:KERNEL32.dll
 0001:0000cea6       GetCurrentProcessId        000000018000dea6 f   kernel32:KERNEL32.dll
 0001:0000ceac       GetCurrentThreadId         000000018000deac f   kernel32:KERNEL32.dll
 0001:0000ceb2       GetSystemTimeAsFileTime    000000018000deb2 f   kernel32:KERNEL32.dll
 0001:0000ceb8       DisableThreadLibraryCalls  000000018000deb8 f   kernel32:KERNEL32.dll
 0001:0000cebe       InitializeSListHead        000000018000debe f   kernel32:KERNEL32.dll
 0001:0000cec4       IsDebuggerPresent          000000018000dec4 f   kernel32:KERNEL32.dll
 0001:0000ceca       GetStartupInfoW            000000018000deca f   kernel32:KERNEL32.dll
 0001:0000ced0       GetModuleHandleW           000000018000ded0 f   kernel32:KERNEL32.dll
 0001:0000ced6       memset                     000000018000ded6 f   vcruntime:VCRUNTIME140.dll
 0001:0000cedc       memcpy                     000000018000dedc f   vcruntime:VCRUNTIME140.dll
 0001:0000cee2       __C_specific_handler       000000018000dee2 f   vcruntime:VCRUNTIME140.dll
 0001:0000cee8       __std_type_info_destroy_list 000000018000dee8 f   vcruntime:VCRUNTIME140.dll
 0001:0000ceee       __current_exception        000000018000deee f   vcruntime:VCRUNTIME140.dll
 0001:0000cef4       __current_exception_context 000000018000def4 f   vcruntime:VCRUNTIME140.dll
 0001:0000cefa       strcmp                     000000018000defa f   ucrt:api-ms-win-crt-string-l1-1-0.dll
 0001:0000cf00       __stdio_common_vsprintf    000000018000df00 f   ucrt:api-ms-win-crt-stdio-l1-1-0.dll
 0001:0000cf06       free                       000000018000df06 f   ucrt:api-ms-win-crt-heap-l1-1-0.dll
 0001:0000cf0c       malloc                     000000018000df0c f   ucrt:api-ms-win-crt-heap-l1-1-0.dll
 0001:0000cf12       calloc                     000000018000df12 f   ucrt:api-ms-win-crt-heap-l1-1-0.dll
 0001:0000cf18       __acrt_iob_func            000000018000df18 f   ucrt:api-ms-win-crt-stdio-l1-1-0.dll
 0001:0000cf1e       __stdio_common_vfprintf    000000018000df1e f   ucrt:api-ms-win-crt-stdio-l1-1-0.dll
 0001:0000cf24       ceil                       000000018000df24 f   ucrt:api-ms-win-crt-math-l1-1-0.dll
 0001:0000cf2a       _initterm                  000000018000df2a f   ucrt:api-ms-win-crt-runtime-l1-1-0.dll
 0001:0000cf30       _initterm_e                000000018000df30 f   ucrt:api-ms-win-crt-runtime-l1-1-0.dll
 0001:0000cf36       _seh_filter_dll            000000018000df36 f   ucrt:api-ms-win-crt-runtime-l1-1-0.dll
 0001:0000cf3c       _configure_narrow_argv     000000018000df3c f   ucrt:api-ms-win-crt-runtime-l1-1-0.dll
 0001:0000cf42       _initialize_narrow_environment 000000018000df42 f   ucrt:api-ms-win-crt-runtime-l1-1-0.dll
 0001:0000cf48       _initialize_onexit_table   000000018000df48 f   ucrt:api-ms-win-crt-runtime-l1-1-0.dll
 0001:0000cf4e       _register_onexit_function  000000018000df4e f   ucrt:api-ms-win-crt-runtime-l1-1-0.dll
 0001:0000cf54       _execute_onexit_table      000000018000df54 f   ucrt:api-ms-win-crt-runtime-l1-1-0.dll
 0001:0000cf5a       _crt_atexit                000000018000df5a f   ucrt:api-ms-win-crt-runtime-l1-1-0.dll
 0001:0000cf60       _crt_at_quick_exit         000000018000df60 f   ucrt:api-ms-win-crt-runtime-l1-1-0.dll
 0001:0000cf66       _cexit                     000000018000df66 f   ucrt:api-ms-win-crt-runtime-l1-1-0.dll
 0001:0000cf6c       terminate                  000000018000df6c f   ucrt:api-ms-win-crt-runtime-l1-1-0.dll
 0001:0000cf74       __acrt_initialize          000000018000df74 f   MSVCRT:ucrt_stubs.obj
 0001:0000cf74       __vcrt_initialize          000000018000df74 f   MSVCRT:ucrt_stubs.obj
 0001:0000cf74       __scrt_stub_for_acrt_initialize 000000018000df74 f   MSVCRT:ucrt_stubs.obj
 0001:0000cf78       __acrt_thread_attach       000000018000df78 f   MSVCRT:ucrt_stubs.obj
 0001:0000cf78       __vcrt_thread_attach       000000018000df78 f   MSVCRT:ucrt_stubs.obj
 0001:0000cf78       __scrt_stub_for_acrt_thread_attach 000000018000df78 f   MSVCRT:ucrt_stubs.obj
 0001:0000cf7c       __acrt_thread_detach       000000018000df7c f   MSVCRT:ucrt_stubs.obj
 0001:0000cf7c       __scrt_stub_for_acrt_thread_detach 000000018000df7c f   MSVCRT:ucrt_stubs.obj
 0001:0000cf7c       __vcrt_thread_detach       000000018000df7c f   MSVCRT:ucrt_stubs.obj
 0001:0000cf80       __vcrt_uninitialize        000000018000df80 f   MSVCRT:ucrt_stubs.obj
 0001:0000cf80       __acrt_uninitialize        000000018000df80 f   MSVCRT:ucrt_stubs.obj
 0001:0000cf80       __scrt_stub_for_acrt_uninitialize 000000018000df80 f   MSVCRT:ucrt_stubs.obj
 0001:0000cf84       __acrt_uninitialize_critical 000000018000df84 f   MSVCRT:ucrt_stubs.obj
 0001:0000cf84       __scrt_stub_for_acrt_uninitialize_critical 000000018000df84 f   MSVCRT:ucrt_stubs.obj
 0001:0000cf84       __vcrt_uninitialize_critical 000000018000df84 f   MSVCRT:ucrt_stubs.obj
 0001:0000cf88       __scrt_stub_for_is_c_termination_complete 000000018000df88 f   MSVCRT:ucrt_stubs.obj
 0001:0000cf88       _is_c_termination_complete 000000018000df88 f   MSVCRT:ucrt_stubs.obj
 0001:0000cfa0       _guard_dispatch_icall_nop  000000018000dfa0 f   MSVCRT:guard_dispatch.obj
 0001:0000cfc0       _guard_xfg_dispatch_icall_nop 000000018000dfc0 f   MSVCRT:guard_xfg_dispatch.obj
 0002:00000000       __imp_RtlCaptureContext    000000018000f000     kernel32:KERNEL32.dll
 0002:00000008       __imp_RtlLookupFunctionEntry 000000018000f008     kernel32:KERNEL32.dll
 0002:00000010       __imp_RtlVirtualUnwind     000000018000f010     kernel32:KERNEL32.dll
 0002:00000018       __imp_UnhandledExceptionFilter 000000018000f018     kernel32:KERNEL32.dll
 0002:00000020       __imp_SetUnhandledExceptionFilter 000000018000f020     kernel32:KERNEL32.dll
 0002:00000028       __imp_GetCurrentProcess    000000018000f028     kernel32:KERNEL32.dll
 0002:00000030       __imp_TerminateProcess     000000018000f030     kernel32:KERNEL32.dll
 0002:00000038       __imp_IsProcessorFeaturePresent 000000018000f038     kernel32:KERNEL32.dll
 0002:00000040       __imp_QueryPerformanceCounter 000000018000f040     kernel32:KERNEL32.dll
 0002:00000048       __imp_GetCurrentProcessId  000000018000f048     kernel32:KERNEL32.dll
 0002:00000050       __imp_GetCurrentThreadId   000000018000f050     kernel32:KERNEL32.dll
 0002:00000058       __imp_GetSystemTimeAsFileTime 000000018000f058     kernel32:KERNEL32.dll
 0002:00000060       __imp_DisableThreadLibraryCalls 000000018000f060     kernel32:KERNEL32.dll
 0002:00000068       __imp_InitializeSListHead  000000018000f068     kernel32:KERNEL32.dll
 0002:00000070       __imp_IsDebuggerPresent    000000018000f070     kernel32:KERNEL32.dll
 0002:00000078       __imp_GetStartupInfoW      000000018000f078     kernel32:KERNEL32.dll
 0002:00000080       __imp_GetModuleHandleW     000000018000f080     kernel32:KERNEL32.dll
 0002:00000088       \177KERNEL32_NULL_THUNK_DATA 000000018000f088     kernel32:KERNEL32.dll
 0002:00000090       __imp_memcpy               000000018000f090     vcruntime:VCRUNTIME140.dll
 0002:00000098       __imp___C_specific_handler 000000018000f098     vcruntime:VCRUNTIME140.dll
 0002:000000a0       __imp___std_type_info_destroy_list 000000018000f0a0     vcruntime:VCRUNTIME140.dll
 0002:000000a8       __imp___current_exception  000000018000f0a8     vcruntime:VCRUNTIME140.dll
 0002:000000b0       __imp___current_exception_context 000000018000f0b0     vcruntime:VCRUNTIME140.dll
 0002:000000b8       __imp_memset               000000018000f0b8     vcruntime:VCRUNTIME140.dll
 0002:000000c0       \177VCRUNTIME140_NULL_THUNK_DATA 000000018000f0c0     vcruntime:VCRUNTIME140.dll
 0002:000000c8       __imp_malloc               000000018000f0c8     ucrt:api-ms-win-crt-heap-l1-1-0.dll
 0002:000000d0       __imp_free                 000000018000f0d0     ucrt:api-ms-win-crt-heap-l1-1-0.dll
 0002:000000d8       __imp_calloc               000000018000f0d8     ucrt:api-ms-win-crt-heap-l1-1-0.dll
 0002:000000e0       \177api-ms-win-crt-heap-l1-1-0_NULL_THUNK_DATA 000000018000f0e0     ucrt:api-ms-win-crt-heap-l1-1-0.dll
 0002:000000e8       __imp_ceil                 000000018000f0e8     ucrt:api-ms-win-crt-math-l1-1-0.dll
 0002:000000f0       \177api-ms-win-crt-math-l1-1-0_NULL_THUNK_DATA 000000018000f0f0     ucrt:api-ms-win-crt-math-l1-1-0.dll
 0002:000000f8       __imp_terminate            000000018000f0f8     ucrt:api-ms-win-crt-runtime-l1-1-0.dll
 0002:00000100       __imp__initialize_narrow_environment 000000018000f100     ucrt:api-ms-win-crt-runtime-l1-1-0.dll
 0002:00000108       __imp__initterm            000000018000f108     ucrt:api-ms-win-crt-runtime-l1-1-0.dll
 0002:00000110       __imp__initterm_e          000000018000f110     ucrt:api-ms-win-crt-runtime-l1-1-0.dll
 0002:00000118       __imp__seh_filter_dll      000000018000f118     ucrt:api-ms-win-crt-runtime-l1-1-0.dll
 0002:00000120       __imp__configure_narrow_argv 000000018000f120     ucrt:api-ms-win-crt-runtime-l1-1-0.dll
 0002:00000128       __imp__crt_at_quick_exit   000000018000f128     ucrt:api-ms-win-crt-runtime-l1-1-0.dll
 0002:00000130       __imp__initialize_onexit_table 000000018000f130     ucrt:api-ms-win-crt-runtime-l1-1-0.dll
 0002:00000138       __imp__register_onexit_function 000000018000f138     ucrt:api-ms-win-crt-runtime-l1-1-0.dll
 0002:00000140       __imp__execute_onexit_table 000000018000f140     ucrt:api-ms-win-crt-runtime-l1-1-0.dll
 0002:00000148       __imp__crt_atexit          000000018000f148     ucrt:api-ms-win-crt-runtime-l1-1-0.dll
 0002:00000150       __imp__cexit               000000018000f150     ucrt:api-ms-win-crt-runtime-l1-1-0.dll
 0002:00000158       \177api-ms-win-crt-runtime-l1-1-0_NULL_THUNK_DATA 000000018000f158     ucrt:api-ms-win-crt-runtime-l1-1-0.dll
 0002:00000160       __imp___stdio_common_vsprintf 000000018000f160     ucrt:api-ms-win-crt-stdio-l1-1-0.dll
 0002:00000168       __imp___acrt_iob_func      000000018000f168     ucrt:api-ms-win-crt-stdio-l1-1-0.dll
 0002:00000170       __imp___stdio_common_vfprintf 000000018000f170     ucrt:api-ms-win-crt-stdio-l1-1-0.dll
 0002:00000178       \177api-ms-win-crt-stdio-l1-1-0_NULL_THUNK_DATA 000000018000f178     ucrt:api-ms-win-crt-stdio-l1-1-0.dll
 0002:00000180       __imp_strcmp               000000018000f180     ucrt:api-ms-win-crt-string-l1-1-0.dll
 0002:00000188       \177api-ms-win-crt-string-l1-1-0_NULL_THUNK_DATA 000000018000f188     ucrt:api-ms-win-crt-string-l1-1-0.dll
 0002:00000190       __imp_mexIsLocked_800      000000018000f190     libmex:libmex.dll
 0002:00000198       __imp_mexUnlock_800        000000018000f198     libmex:libmex.dll
 0002:000001a0       __imp_mexLock_800          000000018000f1a0     libmex:libmex.dll
 0002:000001a8       __imp_mexCallMATLAB_800    000000018000f1a8     libmex:libmex.dll
 0002:000001b0       __imp_mexWarnMsgTxt_800    000000018000f1b0     libmex:libmex.dll
 0002:000001b8       __imp_mexErrMsgTxt_800     000000018000f1b8     libmex:libmex.dll
 0002:000001c0       __imp_mexMakeArrayPersistent_800 000000018000f1c0     libmex:libmex.dll
 0002:000001c8       \177libmex_NULL_THUNK_DATA 000000018000f1c8     libmex:libmex.dll
 0002:000001d0       __imp_muDoubleScalarMax    000000018000f1d0     libmwmathutil:libmwmathutil.dll
 0002:000001d8       __imp_muDoubleScalarMin    000000018000f1d8     libmwmathutil:libmwmathutil.dll
 0002:000001e0       \177libmwmathutil_NULL_THUNK_DATA 000000018000f1e0     libmwmathutil:libmwmathutil.dll
 0002:000001e8       __imp_mxIsNumeric_800      000000018000f1e8     libmx:libmx.dll
 0002:000001f0       __imp_mxGetClassID_800     000000018000f1f0     libmx:libmx.dll
 0002:000001f8       __imp_mxGetM_800           000000018000f1f8     libmx:libmx.dll
 0002:00000200       __imp_mxCalloc_800         000000018000f200     libmx:libmx.dll
 0002:00000208       __imp_mxGetScalar_800      000000018000f208     libmx:libmx.dll
 0002:00000210       __imp_mxCreateCellMatrix_800 000000018000f210     libmx:libmx.dll
 0002:00000218       __imp_mxCreateString_800   000000018000f218     libmx:libmx.dll
 0002:00000220       __imp_mxCreateDoubleScalar_800 000000018000f220     libmx:libmx.dll
 0002:00000228       __imp_mxGetPr_800          000000018000f228     libmx:libmx.dll
 0002:00000230       __imp_mxIsChar_800         000000018000f230     libmx:libmx.dll
 0002:00000238       __imp_mxDestroyArray_800   000000018000f238     libmx:libmx.dll
 0002:00000240       __imp_mxGetN_800           000000018000f240     libmx:libmx.dll
 0002:00000248       __imp_mxCreateStructMatrix_800 000000018000f248     libmx:libmx.dll
 0002:00000250       __imp_mxIsComplex_800      000000018000f250     libmx:libmx.dll
 0002:00000258       __imp_mxSetField_800       000000018000f258     libmx:libmx.dll
 0002:00000260       __imp_mxDuplicateArray_800 000000018000f260     libmx:libmx.dll
 0002:00000268       __imp_mxGetString_800      000000018000f268     libmx:libmx.dll
 0002:00000270       __imp_mxCreateDoubleMatrix_800 000000018000f270     libmx:libmx.dll
 0002:00000278       \177libmx_NULL_THUNK_DATA  000000018000f278     libmx:libmx.dll
 0002:00000280       __imp_utMalloc             000000018000f280     libut:libut.dll
 0002:00000288       __imp_utFree               000000018000f288     libut:libut.dll
 0002:00000290       \177libut_NULL_THUNK_DATA  000000018000f290     libut:libut.dll
 0002:00000298       __imp_sf_mex_decode        000000018000f298     sf_runtime:sf_runtime.dll
 0002:000002a0       __imp_sf_clear_error_manager_info 000000018000f2a0     sf_runtime:sf_runtime.dll
 0002:000002a8       __imp_sf_mex_error_direct_call 000000018000f2a8     sf_runtime:sf_runtime.dll
 0002:000002b0       __imp_getRuntimeInstanceInfoAsVoid 000000018000f2b0     sf_runtime:sf_runtime.dll
 0002:000002b8       __imp_call_sf_machine_global_method_dispatcher 000000018000f2b8     sf_runtime:sf_runtime.dll
 0002:000002c0       __imp_callMdlMethodAndReportError 000000018000f2c0     sf_runtime:sf_runtime.dll
 0002:000002c8       __imp_sf_get_hasSeparateUpdateOutputs 000000018000f2c8     sf_runtime:sf_runtime.dll
 0002:000002d0       __imp_sf_get_ChartInfoStruct_CodeGen 000000018000f2d0     sf_runtime:sf_runtime.dll
 0002:000002d8       __imp_ssGetOutputPortSignal_wrapper 000000018000f2d8     sf_runtime:sf_runtime.dll
 0002:000002e0       __imp_ssGetInputPortSignal_wrapper 000000018000f2e0     sf_runtime:sf_runtime.dll
 0002:000002e8       __imp_ssGetDWork_wrapper   000000018000f2e8     sf_runtime:sf_runtime.dll
 0002:000002f0       __imp_sf_mex_duplicatearraysafe 000000018000f2f0     sf_runtime:sf_runtime.dll
 0002:000002f8       __imp_sf_mex_import_named  000000018000f2f8     sf_runtime:sf_runtime.dll
 0002:00000300       __imp_sf_mex_import        000000018000f300     sf_runtime:sf_runtime.dll
 0002:00000308       __imp_sf_mex_destroy       000000018000f308     sf_runtime:sf_runtime.dll
 0002:00000310       __imp_sf_mex_dup           000000018000f310     sf_runtime:sf_runtime.dll
 0002:00000318       __imp_sf_mex_assign        000000018000f318     sf_runtime:sf_runtime.dll
 0002:00000320       __imp_sf_mex_getcell       000000018000f320     sf_runtime:sf_runtime.dll
 0002:00000328       __imp_sf_mex_setcell       000000018000f328     sf_runtime:sf_runtime.dll
 0002:00000330       __imp_sf_mex_createcellmatrix 000000018000f330     sf_runtime:sf_runtime.dll
 0002:00000338       __imp_sf_mex_create        000000018000f338     sf_runtime:sf_runtime.dll
 0002:00000340       __imp_sf_mex_error_message 000000018000f340     sf_runtime:sf_runtime.dll
 0002:00000348       __imp_sf_mex_call          000000018000f348     sf_runtime:sf_runtime.dll
 0002:00000350       __imp_sf_mex_printf        000000018000f350     sf_runtime:sf_runtime.dll
 0002:00000358       __imp_sf_set_work_widths   000000018000f358     sf_runtime:sf_runtime.dll
 0002:00000360       __imp_sf_warn_if_symbolic_dimension_param_changed 000000018000f360     sf_runtime:sf_runtime.dll
 0002:00000368       __imp_setDebuggerFlag      000000018000f368     sf_runtime:sf_runtime.dll
 0002:00000370       __imp_setLegacyDebuggerFlag 000000018000f370     sf_runtime:sf_runtime.dll
 0002:00000378       __imp_setDataBrowseFcn     000000018000f378     sf_runtime:sf_runtime.dll
 0002:00000380       __imp_sfDoAnimationWrapper 000000018000f380     sf_runtime:sf_runtime.dll
 0002:00000388       __imp_sf_get_time          000000018000f388     sf_runtime:sf_runtime.dll
 0002:00000390       __imp_sf_get_output_port_reusable 000000018000f390     sf_runtime:sf_runtime.dll
 0002:00000398       __imp_sf_clear_rtw_identifier 000000018000f398     sf_runtime:sf_runtime.dll
 0002:000003a0       __imp_sf_mex_get_sfun_param 000000018000f3a0     sf_runtime:sf_runtime.dll
 0002:000003a8       __imp_sim_mode_is_external 000000018000f3a8     sf_runtime:sf_runtime.dll
 0002:000003b0       __imp_sim_mode_is_rtw_gen  000000018000f3b0     sf_runtime:sf_runtime.dll
 0002:000003b8       __imp_sf_get_chart_instance_ptr 000000018000f3b8     sf_runtime:sf_runtime.dll
 0002:000003c0       __imp_sfrtGetEmlrtCtx      000000018000f3c0     sf_runtime:sf_runtime.dll
 0002:000003c8       __imp_sf_free_ChartRunTimeInfo 000000018000f3c8     sf_runtime:sf_runtime.dll
 0002:000003d0       __imp_sf_init_ChartRunTimeInfo 000000018000f3d0     sf_runtime:sf_runtime.dll
 0002:000003d8       __imp_sf_load_rtw_optimization_info 000000018000f3d8     sf_runtime:sf_runtime.dll
 0002:000003e0       \177sf_runtime_NULL_THUNK_DATA 000000018000f3e0     sf_runtime:sf_runtime.dll
 0002:000003e8       __guard_check_icall_fptr   000000018000f3e8     MSVCRT:guard_support.obj
 0002:000003f0       __guard_xfg_check_icall_fptr 000000018000f3f0     MSVCRT:guard_support.obj
 0002:000003f8       __guard_dispatch_icall_fptr 000000018000f3f8     MSVCRT:guard_support.obj
 0002:00000400       __guard_xfg_dispatch_icall_fptr 000000018000f400     MSVCRT:guard_support.obj
 0002:00000408       __guard_xfg_table_dispatch_icall_fptr 000000018000f408     MSVCRT:guard_support.obj
 0002:00000410       __xc_a                     000000018000f410     MSVCRT:initializers.obj
 0002:00000418       __xc_z                     000000018000f418     MSVCRT:initializers.obj
 0002:00000420       __xi_a                     000000018000f420     MSVCRT:initializers.obj
 0002:00000428       __xi_z                     000000018000f428     MSVCRT:initializers.obj
 0002:00000430       __xp_a                     000000018000f430     MSVCRT:initializers.obj
 0002:00000438       __xp_z                     000000018000f438     MSVCRT:initializers.obj
 0002:00000440       __xt_a                     000000018000f440     MSVCRT:initializers.obj
 0002:00000448       __xt_z                     000000018000f448     MSVCRT:initializers.obj
 0002:00000450       ??_C@_0BB@FLJEPEHM@sf_get_check_sum@ 000000018000f450     HybridControllerD2D2_sfun.obj
 0002:00000468       ??_C@_07MHDNFCJE@machine@  000000018000f468     HybridControllerD2D2_sfun.obj
 0002:00000470       ??_C@_05PGKDIPIO@chart@    000000018000f470     HybridControllerD2D2_sfun.obj
 0002:00000478       ??_C@_06JJLAMBGK@target@   000000018000f478     HybridControllerD2D2_sfun.obj
 0002:00000480       ??_C@_0CA@EADCEDHE@get_eml_resolved_functions_info@ 000000018000f480     HybridControllerD2D2_sfun.obj
 0002:000004a0       ??_C@_0BI@CGEBLEAK@sUwBIfWuX9ebMDC2JRxkvhE@ 000000018000f4a0     HybridControllerD2D2_sfun.obj
 0002:000004b8       ??_C@_0BK@OHOOMENA@get_third_party_uses_info@ 000000018000f4b8     HybridControllerD2D2_sfun.obj
 0002:000004d8       ??_C@_0BG@LBHKCKOM@get_jit_fallback_info@ 000000018000f4d8     HybridControllerD2D2_sfun.obj
 0002:000004f0       ??_C@_0BG@CMLABNLP@get_post_codegen_info@ 000000018000f4f0     HybridControllerD2D2_sfun.obj
 0002:00000508       ??_C@_0BO@DEKBDHJJ@get_updateBuildInfo_args_info@ 000000018000f508     HybridControllerD2D2_sfun.obj
 0002:00000528       ??_C@_0BF@OPMAPMJJ@HybridControllerD2D2@ 000000018000f528     HybridControllerD2D2_sfun.obj
 0002:00000540       ??_C@_01NANMIPIL@N@        000000018000f540     c2_HybridControllerD2D2.obj
 0002:00000544       ??_C@_04NGEMCMNK@nDOF@     000000018000f544     c2_HybridControllerD2D2.obj
 0002:0000054c       ??_C@_05OAFOGIPI@dtCon@    000000018000f54c     c2_HybridControllerD2D2.obj
 0002:00000554       ??_C@_05JPOHBABG@dtSim@    000000018000f554     c2_HybridControllerD2D2.obj
 0002:0000055c       ??_C@_05DOAMBIHA@dtInt@    000000018000f55c     c2_HybridControllerD2D2.obj
 0002:00000564       ??_C@_01EANLCPLP@y@        000000018000f564     c2_HybridControllerD2D2.obj
 0002:00000568       ??_C@_04CNGHMEBN@comA@     000000018000f568     c2_HybridControllerD2D2.obj
 0002:00000570       ??_C@_04FABADAFI@comD@     000000018000f570     c2_HybridControllerD2D2.obj
 0002:00000578       ??_C@_04CIOEEAIL@comV@     000000018000f578     c2_HybridControllerD2D2.obj
 0002:00000580       ??_C@_01KBJDNOO@i@         000000018000f580     c2_HybridControllerD2D2.obj
 0002:00000584       ??_C@_05HDBKIDE@state@     000000018000f584     c2_HybridControllerD2D2.obj
 0002:0000058c       ??_C@_02PLFPJFPP@di@       000000018000f58c     c2_HybridControllerD2D2.obj
 0002:00000590       ??_C@_04OJKOHLAO@diSD@     000000018000f590     c2_HybridControllerD2D2.obj
 0002:00000598       ??_C@_03GCHKICIC@iSD@      000000018000f598     c2_HybridControllerD2D2.obj
 0002:000005a0       ??_C@_09MCJNDENA@targLocal@ 000000018000f5a0     c2_HybridControllerD2D2.obj
 0002:000005b0       ??_C@_0CC@NGPIHNGJ@is_active_c2_HybridControllerD2@ 000000018000f5b0     c2_HybridControllerD2D2.obj
 0002:000005d8       ??_C@_0BL@KKDAHLFM@is_active_HybridController@ 000000018000f5d8     c2_HybridControllerD2D2.obj
 0002:000005f8       ??_C@_0BE@ELBEBMGI@is_HybridController@ 000000018000f5f8     c2_HybridControllerD2D2.obj
 0002:0000060c       ??_C@_06CPPINHFA@?$CFs?5?$DN?2n@ 000000018000f60c     c2_HybridControllerD2D2.obj
 0002:00000614       ??_C@_04GKMJMOBJ@disp@     000000018000f614     c2_HybridControllerD2D2.obj
 0002:00000620       ??_C@_0BA@LDEDEGOG@nameCaptureInfo@ 000000018000f620     c2_HybridControllerD2D2.obj
 0002:00000630       ??_C@_06GOHEHGIN@mxData@   000000018000f630     c2_HybridControllerD2D2.obj
 0002:00000638       ??_C@_0N@FNBJKNNB@fallbackType@ 000000018000f638     c2_HybridControllerD2D2.obj
 0002:00000648       ??_C@_0P@LHIHPNIN@fallbackReason@ 000000018000f648     c2_HybridControllerD2D2.obj
 0002:00000658       ??_C@_0BD@JNJMKOMN@hiddenFallbackType@ 000000018000f658     c2_HybridControllerD2D2.obj
 0002:00000670       ??_C@_0BF@MIPJDBOP@hiddenFallbackReason@ 000000018000f670     c2_HybridControllerD2D2.obj
 0002:00000688       ??_C@_0BD@MBPFBLBL@incompatibleSymbol@ 000000018000f688     c2_HybridControllerD2D2.obj
 0002:0000069c       ??_C@_05MMFAAGKE@early@    000000018000f69c     c2_HybridControllerD2D2.obj
 0002:000006a8       ??_C@_0M@BAFDOGFN@custom_code@ 000000018000f6a8     c2_HybridControllerD2D2.obj
 0002:000006b4       ??_C@_00CNPNBAHC@@         000000018000f6b4     c2_HybridControllerD2D2.obj
 0002:000006b8       ??_C@_0O@MGONKHEL@chartChecksum@ 000000018000f6b8     c2_HybridControllerD2D2.obj
 0002:000006c8       ??_C@_07LLOMCJOI@varInfo@  000000018000f6c8     c2_HybridControllerD2D2.obj
 0002:000006d0       ??_C@_0BLB@FAMKPJGL@eNpjYPT0ZQACPiC?$CLwMnAwAakOYCYiQE@ 000000018000f6d0     c2_HybridControllerD2D2.obj
 0002:00000890       ??_C@_0EM@KKIDFNCK@eNrtXE9v2zYUl50?1TYq2CFZgXYsBS3f@ 000000018000f890     c2_HybridControllerD2D2.obj
 0002:000008e0       ??_C@_0EM@PEBMKCOM@22GW3fYd9im1fYcd9gd172HGHkbLs2L@ 000000018000f8e0     c2_HybridControllerD2D2.obj
 0002:00000930       ??_C@_0EM@OKBEBNFI@xvyCNv9D5rQTs3dPSurxofBe1Hkol4z@ 000000018000f930     c2_HybridControllerD2D2.obj
 0002:00000980       ??_C@_0EM@FPLEINNL@Rw5HkbkdN8jlpLHn7eQ1TJb1MP2nuQF@ 000000018000f980     c2_HybridControllerD2D2.obj
 0002:000009d0       ??_C@_0EM@NODHEOPP@dco9Z5IJHArTc5Va?1MDDArkYlrvQqhA@ 000000018000f9d0     c2_HybridControllerD2D2.obj
 0002:00000a20       ??_C@_0EM@MJKBIMNH@AY9eWvw89IY3SyawWYGIPtkAb8io69W@ 000000018000fa20     c2_HybridControllerD2D2.obj
 0002:00000a70       ??_C@_0EM@IALCKBHN@sMglOXIiKi42?1uS0vLBNQxLMG614yWZ@ 000000018000fa70     c2_HybridControllerD2D2.obj
 0002:00000ac0       ??_C@_0EM@FDNPGFF@CAHPgNs15Lx49COHL1y5HATyDjBmuSI@ 000000018000fac0     c2_HybridControllerD2D2.obj
 0002:00000b10       ??_C@_0EM@GHIIIEBB@A2n7FikCjHkkWY26VdiG2JdaAgJMJut@ 000000018000fb10     c2_HybridControllerD2D2.obj
 0002:00000b60       ??_C@_0EM@IINNJFHJ@YRiktjwvqFOXgLVWr47fHySpEQNYAFg@ 000000018000fb60     c2_HybridControllerD2D2.obj
 0002:00000bb0       ??_C@_0EM@NODLJLFP@pQdip9MgFEzk1QEY0kdHhTxlLOhGMuJ@ 000000018000fbb0     c2_HybridControllerD2D2.obj
 0002:00000c00       ??_C@_0EM@LNIFKHDH@LnFkBsWVfX8eWCcP3?$CLuTfH8WQv4DO38@ 000000018000fc00     c2_HybridControllerD2D2.obj
 0002:00000c50       ??_C@_0EM@KDDMNNOP@3ZY87v?17?1X?1lW?1?18?$CLsvtP377qX74e1z@ 000000018000fc50     c2_HybridControllerD2D2.obj
 0002:00000ca0       ??_C@_0EM@NDKDMDKM@i?19aQ?1K2gzY87e5XGc?$CL?1FV7B?$CLUCrufP@ 000000018000fca0     c2_HybridControllerD2D2.obj
 0002:00000cf0       ??_C@_0EM@IDPJLPFD@ze41XJfzik73qMPzaD673P60fz8X9T0@ 000000018000fcf0     c2_HybridControllerD2D2.obj
 0002:00000d40       ??_C@_0EM@CEPKKIFM@6bSPzeif85AGu5dnP73Czp?1mP5rGl6s@ 000000018000fd40     c2_HybridControllerD2D2.obj
 0002:00000d90       ??_C@_0EM@CIEPOKKN@Yir9V0b0XzGk?$CLinx?15cFPS8I039Tmwe@ 000000018000fd90     c2_HybridControllerD2D2.obj
 0002:00000de0       ??_C@_0EM@OCIAOHND@xdk4en9UZkrkiEYxiDFlpp7STKju3fP@ 000000018000fde0     c2_HybridControllerD2D2.obj
 0002:00000e30       ??_C@_0EM@GPDEFDOI@x5Uv46K5?$CLR8WV8S?$CLDLJVyP5udcx87KZ@ 000000018000fe30     c2_HybridControllerD2D2.obj
 0002:00000e80       ??_C@_0EM@FJCNJGAJ@F98ewLGSp?191fl4bbtJ9HJqhzK7CklT@ 000000018000fe80     c2_HybridControllerD2D2.obj
 0002:00000ed0       ??_C@_0EM@LOBLGGNI@8EOIvvzMqVOMLHPkbh2J58ge1Vbp4Nf@ 000000018000fed0     c2_HybridControllerD2D2.obj
 0002:00000f20       ??_C@_0EM@IPIBEPLJ@0?1v1i43k5bbhSqV6vtGGNKucDfFh?1CS@ 000000018000ff20     c2_HybridControllerD2D2.obj
 0002:00000f70       ??_C@_0EM@KNKCBLOE@i6pmCINLWQTrMevKLNlyt?$CLydOvsBpJ1@ 000000018000ff70     c2_HybridControllerD2D2.obj
 0002:00000fc0       ??_C@_0EM@FLAPGLGL@HHrvC2NTx1?$CLKRz6r9v8gX6xfnv95yL4@ 000000018000ffc0     c2_HybridControllerD2D2.obj
 0002:00001010       ??_C@_0EM@JLONPCMG@KrwHRxcf90uBQ4uur8Thzrombz3AHZU@ 0000000180010010     c2_HybridControllerD2D2.obj
 0002:00001060       ??_C@_0EM@LKIMIPJ@YWR6U5UGXCY?$CLyvGg5eJT0fXqS?1McOqn@ 0000000180010060     c2_HybridControllerD2D2.obj
 0002:000010b0       ??_C@_0EM@KPFAAPNO@tk?$CLJLhSxrwJWp8ZvjyduBL1H60DF8yf@ 00000001800100b0     c2_HybridControllerD2D2.obj
 0002:00001100       ??_C@_0EM@CIGLJBBI@VA6cKh?1Ttt?$CLtZ9XZvue2wdB?$CL1uj?19VT@ 0000000180010100     c2_HybridControllerD2D2.obj
 0002:00001150       ??_C@_0EM@DFKOBBFB@5?$CLZns?1OdoK3OlrKwYndrVG0fOwDukD7@ 0000000180010150     c2_HybridControllerD2D2.obj
 0002:000011a0       ??_C@_0DG@MNKGHNFC@l6n8CJOp3ZQ78qhAkEMCDvYJJ?$CLl?$CLdw?$CL@ 00000001800101a0     c2_HybridControllerD2D2.obj
 0002:000011d8       ??_C@_09PLDBFLJF@Stateflow@ 00000001800101d8     c2_HybridControllerD2D2.obj
 0002:000011e8       ??_C@_0BD@LODGPJN@StateflowChartType@ 00000001800101e8     c2_HybridControllerD2D2.obj
 0002:00001200       ??_C@_0CO@DMGIOHMB@Could?5not?5allocate?5memory?5for?5c@ 0000000180010200     c2_HybridControllerD2D2.obj
 0002:00001230       ??_C@_0GM@NBOCLCLD@Stateflow?5Internal?5Error?3?6Error@ 0000000180010230     c2_HybridControllerD2D2.obj
 0002:000012a0       __real@3f50624dd2f1a9fc    00000001800102a0     c2_HybridControllerD2D2.obj
 0002:000012a8       __real@3fc999999999999a    00000001800102a8     c2_HybridControllerD2D2.obj
 0002:000012b0       __real@3fe3333333333333    00000001800102b0     c2_HybridControllerD2D2.obj
 0002:000012b8       __real@3ff0000000000000    00000001800102b8     c2_HybridControllerD2D2.obj
 0002:000012c0       __real@4010000000000000    00000001800102c0     c2_HybridControllerD2D2.obj
 0002:000012c8       __real@41e0000000000000    00000001800102c8     c2_HybridControllerD2D2.obj
 0002:000012d0       __real@c1e0000000000000    00000001800102d0     c2_HybridControllerD2D2.obj
 0002:000012d8       DYNAMIC_DIMENSION_DEF      00000001800102d8     HybridControllerD2D2_sfun_registry.obj
 0002:000012f0       ??_C@_0O@EMPBGPFO@sf_mex_unlock@ 00000001800102f0     HybridControllerD2D2_sfun_registry.obj
 0002:00001300       ??_C@_0BG@IBKJPFO@Unsuccessful?5command?4@ 0000000180010300     HybridControllerD2D2_sfun_registry.obj
 0002:00001318       ??_C@_06EJFCAODB@sfc_sf@   0000000180010318     HybridControllerD2D2_sfun_registry.obj
 0002:00001320       ??_C@_0BD@NMFAPBEK@mdlInitializeSizes@ 0000000180010320     HybridControllerD2D2_sfun_registry.obj
 0002:00001338       ??_C@_0BJ@PBIFPMMD@mdlInitializeSampleTimes@ 0000000180010338     HybridControllerD2D2_sfun_registry.obj
 0002:00001358       ??_C@_0CE@KLHPLFLE@Incorrect?5absolute?5tolerance?5va@ 0000000180010358     HybridControllerD2D2_sfun_registry.obj
 0002:00001380       ??_C@_0HH@KMLFCCMI@?$DMdiag_root?$DO?$DMdiag?5id?$DN?$CCSimulink?3S@ 0000000180010380     HybridControllerD2D2_sfun_registry.obj
 0002:000013f8       ??_C@_07KEMHKLEK@sf_sfun@  00000001800103f8     HybridControllerD2D2_sfun_registry.obj
 0002:00001400       ??_C@_0P@MPEDGIBG@block?5?8?$CFs?8?3?5?$CFs@ 0000000180010400     HybridControllerD2D2_sfun_registry.obj
 0002:00001410       ??_C@_0DK@JDMJONGD@Simulink?3SFunctions?3SimStructLe@ 0000000180010410     HybridControllerD2D2_sfun_registry.obj
 0002:00001450       ??_C@_07ONPBMBOP@message@  0000000180010450     HybridControllerD2D2_sfun_registry.obj
 0002:00001458       ??_C@_05KKCIMGE@error@     0000000180010458     HybridControllerD2D2_sfun_registry.obj
 0002:00001460       ??_C@_0EG@MNMJEMPF@Simulink?3SFunctions?3SimStructLe@ 0000000180010460     HybridControllerD2D2_sfun_registry.obj
 0002:000014b0       ??_C@_0FC@GBGNPKDI@Simulink?3SFunctions?3SimStructLe@ 00000001800104b0     HybridControllerD2D2_sfun_registry.obj
 0002:00001510       ??_C@_0EO@EJAAMKKI@Simulink?3SFunctions?3SimStructLe@ 0000000180010510     HybridControllerD2D2_sfun_registry.obj
 0002:00001560       ??_C@_0FJ@KLNKPMHL@Simulink?3SFunctions?3SimStructRe@ 0000000180010560     HybridControllerD2D2_sfun_registry.obj
 0002:000015c0       ??_C@_07FPLKDJGL@warning@  00000001800105c0     HybridControllerD2D2_sfun_registry.obj
 0002:000015d0       ??_C@_0FL@OODBIENJ@Simulink?3SFunctions?3SimStructRe@ 00000001800105d0     HybridControllerD2D2_sfun_registry.obj
 0002:00001630       ??_C@_0HG@IJBFEFEB@?$DMdiag_root?$DO?$DMdiag?5id?$DN?$CCSimulink?3S@ 0000000180010630     HybridControllerD2D2_sfun_registry.obj
 0002:000016b0       ??_C@_0HB@KLFCCBHA@?$DMdiag_root?$DO?$DMdiag?5id?$DN?$CCSimulink?3S@ 00000001800106b0     HybridControllerD2D2_sfun_registry.obj
 0002:00001730       ??_C@_0HG@ENOKACAF@?$DMdiag_root?$DO?$DMdiag?5id?$DN?$CCSimulink?3S@ 0000000180010730     HybridControllerD2D2_sfun_registry.obj
 0002:000017b0       ??_C@_0GK@PAJALLBP@?$DMdiag_root?$DO?$DMdiag?5id?$DN?$CCSimulink?3S@ 00000001800107b0     HybridControllerD2D2_sfun_registry.obj
 0002:00001820       ??_C@_0HH@EEBJCADM@?$DMdiag_root?$DO?$DMdiag?5id?$DN?$CCSimulink?3S@ 0000000180010820     HybridControllerD2D2_sfun_registry.obj
 0002:000018a0       ??_C@_0HG@PGIKLJGP@?$DMdiag_root?$DO?$DMdiag?5id?$DN?$CCSimulink?3S@ 00000001800108a0     HybridControllerD2D2_sfun_registry.obj
 0002:00001918       ??_C@_0BE@OBOJGMOM@SFcnParamSettings?5?$HL@ 0000000180010918     HybridControllerD2D2_sfun_registry.obj
 0002:00001930       ??_C@_0HF@PPHMMJCF@?$DMdiag_root?$DO?$DMdiag?5id?$DN?$CCSimulink?3S@ 0000000180010930     HybridControllerD2D2_sfun_registry.obj
 0002:000019a8       ??_C@_01CELHOKLL@?$HN@     00000001800109a8     HybridControllerD2D2_sfun_registry.obj
 0002:000019ac       ??_C@_05DHHBANHM@RWork@    00000001800109ac     HybridControllerD2D2_sfun_registry.obj
 0002:000019b4       ??_C@_05FOGAPPCE@IWork@    00000001800109b4     HybridControllerD2D2_sfun_registry.obj
 0002:000019bc       ??_C@_05HKLJKMHH@PWork@    00000001800109bc     HybridControllerD2D2_sfun_registry.obj
 0002:000019d0       ??_C@_0HH@KFACNCFO@?$DMdiag_root?$DO?$DMdiag?5id?$DN?$CCSimulink?3S@ 00000001800109d0     HybridControllerD2D2_sfun_registry.obj
 0002:00001a50       ??_C@_0HK@FCNHNABE@?$DMdiag_root?$DO?$DMdiag?5id?$DN?$CCSimulink?3S@ 0000000180010a50     HybridControllerD2D2_sfun_registry.obj
 0002:00001ad0       ??_C@_0HL@IHIFDCEN@?$DMdiag_root?$DO?$DMdiag?5id?$DN?$CCSimulink?3S@ 0000000180010ad0     HybridControllerD2D2_sfun_registry.obj
 0002:00001b50       ??_C@_0N@FPDCMLNJ@Num?$CFsDefines@ 0000000180010b50     HybridControllerD2D2_sfun_registry.obj
 0002:00001b60       ??_C@_0L@HMFJKAEE@?$CFsDefine?5?$HL@ 0000000180010b60     HybridControllerD2D2_sfun_registry.obj
 0002:00001b6c       ??_C@_04FABLJDN@Name@      0000000180010b6c     HybridControllerD2D2_sfun_registry.obj
 0002:00001b74       ??_C@_05IBAMDCFI@Width@    0000000180010b74     HybridControllerD2D2_sfun_registry.obj
 0002:00001b80       ??_C@_0L@CECHCPAP@StartIndex@ 0000000180010b80     HybridControllerD2D2_sfun_registry.obj
 0002:00001b90       ??_C@_0OG@OKOCKIPH@?$DMdiag_root?$DO?$DMdiag?5id?$DN?$CCSimulink?3S@ 0000000180010b90     HybridControllerD2D2_sfun_registry.obj
 0002:00001c78       ??_C@_0DA@HHHDBKEE@Simulink?3SFunctions?3SimStructTo@ 0000000180010c78     HybridControllerD2D2_sfun_registry.obj
 0002:00001ca8       ??_C@_0DB@EBNONJLI@Simulink?3SFunctions?3SimStructTo@ 0000000180010ca8     HybridControllerD2D2_sfun_registry.obj
 0002:00001ce0       ??_C@_0DF@LECGIHAP@Simulink?3SFunctions?3SimStructFo@ 0000000180010ce0     HybridControllerD2D2_sfun_registry.obj
 0002:00001d18       ??_C@_0DF@KLOALPBI@Simulink?3SFunctions?3SimStructIn@ 0000000180010d18     HybridControllerD2D2_sfun_registry.obj
 0002:00001d50       ??_C@_0DD@FAABOPOD@Simulink?3SFunctions?3SimStructSF@ 0000000180010d50     HybridControllerD2D2_sfun_registry.obj
 0002:00001d88       ??_C@_0BN@KKBJFHKE@mdlInitializePropagationPass@ 0000000180010d88     HybridControllerD2D2_sfun_registry.obj
 0002:00001db0       ??_C@_0JA@MEDABBJA@?$DMdiag_root?$DO?$DMdiag?5id?$DN?$CCSimulink?3S@ 0000000180010db0     HybridControllerD2D2_sfun_registry.obj
 0002:00001e40       ??_C@_0BF@NNJPCDFB@mdlSetInputPortWidth@ 0000000180010e40     HybridControllerD2D2_sfun_registry.obj
 0002:00001e58       ??_C@_0BG@KOHJDKHL@mdlSetOutputPortWidth@ 0000000180010e58     HybridControllerD2D2_sfun_registry.obj
 0002:00001e70       ??_C@_0BN@HGDPOLBJ@mdlSetInputPortDimensionInfo@ 0000000180010e70     HybridControllerD2D2_sfun_registry.obj
 0002:00001e90       ??_C@_0BO@JCKACOBK@mdlSetOutputPortDimensionInfo@ 0000000180010e90     HybridControllerD2D2_sfun_registry.obj
 0002:00001eb0       ??_C@_0BP@DBBADNGL@mdlSetDefaultPortDimensionInfo@ 0000000180010eb0     HybridControllerD2D2_sfun_registry.obj
 0002:00001ed0       ??_C@_0CC@DKLMOAMA@mdlSetInputPortSymbolicDimensio@ 0000000180010ed0     HybridControllerD2D2_sfun_registry.obj
 0002:00001ef8       ??_C@_0CD@PANCENAB@mdlSetOutputPortSymbolicDimensi@ 0000000180010ef8     HybridControllerD2D2_sfun_registry.obj
 0002:00001f20       ??_C@_0BK@IBIEIFAK@mdlSetInputPortSampleTime@ 0000000180010f20     HybridControllerD2D2_sfun_registry.obj
 0002:00001f40       ??_C@_0BL@IOJJCMJN@mdlSetOutputPortSampleTime@ 0000000180010f40     HybridControllerD2D2_sfun_registry.obj
 0002:00001f60       ??_C@_0BI@PPJHJKCK@mdlSetInputPortDataType@ 0000000180010f60     HybridControllerD2D2_sfun_registry.obj
 0002:00001f78       ??_C@_0BJ@BICELHDK@mdlSetOutputPortDataType@ 0000000180010f78     HybridControllerD2D2_sfun_registry.obj
 0002:00001f98       ??_C@_0BL@CMPKLPCM@mdlSetDefaultPortDataTypes@ 0000000180010f98     HybridControllerD2D2_sfun_registry.obj
 0002:00001fb8       ??_C@_0BN@CFNNAHED@mdlSetInputPortComplexSignal@ 0000000180010fb8     HybridControllerD2D2_sfun_registry.obj
 0002:00001fd8       ??_C@_0BO@MBECMCEA@mdlSetOutputPortComplexSignal@ 0000000180010fd8     HybridControllerD2D2_sfun_registry.obj
 0002:00001ff8       ??_C@_0CA@FFKONINO@mdlSetDefaultPortComplexSignals@ 0000000180010ff8     HybridControllerD2D2_sfun_registry.obj
 0002:00002018       ??_C@_0BJ@KGDHKOJK@mdlSetInputPortFrameData@ 0000000180011018     HybridControllerD2D2_sfun_registry.obj
 0002:00002038       ??_C@_0BB@PDAHPFHN@mdlSetWorkWidths@ 0000000180011038     HybridControllerD2D2_sfun_registry.obj
 0002:0000204c       ??_C@_06LIBOFAHC@mdlRTW@   000000018001104c     HybridControllerD2D2_sfun_registry.obj
 0002:00002058       ??_C@_0BI@BBOHIAMH@mdlInitializeConditions@ 0000000180011058     HybridControllerD2D2_sfun_registry.obj
 0002:00002070       ??_C@_08LFJJKJIO@mdlStart@ 0000000180011070     HybridControllerD2D2_sfun_registry.obj
 0002:00002080       ??_C@_0BJ@FFNGKLHJ@mdlSetupRuntimeResources@ 0000000180011080     HybridControllerD2D2_sfun_registry.obj
 0002:000020a0       ??_C@_0BL@IIALDJJJ@mdlCleanupRuntimeResources@ 00000001800110a0     HybridControllerD2D2_sfun_registry.obj
 0002:000020c0       ??_C@_09PGFAIFDC@mdlEnable@ 00000001800110c0     HybridControllerD2D2_sfun_registry.obj
 0002:000020d0       ??_C@_0L@DPBGDFAL@mdlDisable@ 00000001800110d0     HybridControllerD2D2_sfun_registry.obj
 0002:000020e0       ??_C@_0BD@HOFCNFMB@mdlCheckParameters@ 00000001800110e0     HybridControllerD2D2_sfun_registry.obj
 0002:000020f8       ??_C@_0BF@GGGPMFBF@mdlProcessParameters@ 00000001800110f8     HybridControllerD2D2_sfun_registry.obj
 0002:00002110       ??_C@_0P@LLCFDAGJ@mdlExtModeExec@ 0000000180011110     HybridControllerD2D2_sfun_registry.obj
 0002:00002120       ??_C@_09GADCKIEB@mdlUpdate@ 0000000180011120     HybridControllerD2D2_sfun_registry.obj
 0002:00002130       ??_C@_0P@MAILCFNM@mdlDerivatives@ 0000000180011130     HybridControllerD2D2_sfun_registry.obj
 0002:00002140       ??_C@_0P@CNEEPBNP@mdlGetSimState@ 0000000180011140     HybridControllerD2D2_sfun_registry.obj
 0002:00002150       ??_C@_0P@CCFKCHFM@mdlSetSimState@ 0000000180011150     HybridControllerD2D2_sfun_registry.obj
 0002:00002160       ??_C@_0HF@DJGDHCGH@?$DMdiag_root?$DO?$DMdiag?5id?$DN?$CCSimulink?3S@ 0000000180011160     HybridControllerD2D2_sfun_registry.obj
 0002:000021e0       ??_C@_0BBE@HELCEKAO@?$DMdiag_root?$DO?$DMdiag?5id?$DN?$CCSimulink?3S@ 00000001800111e0     HybridControllerD2D2_sfun_registry.obj
 0002:000022f8       ??_C@_0BA@MKCHIMDN@ssSetIWorkValue@ 00000001800112f8     HybridControllerD2D2_sfun_registry.obj
 0002:00002308       ??_C@_0BA@LFDJDPEK@ssGetIWorkValue@ 0000000180011308     HybridControllerD2D2_sfun_registry.obj
 0002:00002318       ??_C@_0BA@EHPAMPLC@ssSetRWorkValue@ 0000000180011318     HybridControllerD2D2_sfun_registry.obj
 0002:00002328       ??_C@_0BA@DIOOHMMF@ssGetRWorkValue@ 0000000180011328     HybridControllerD2D2_sfun_registry.obj
 0002:00002338       ??_C@_0BA@BPJMHGHD@ssSetPWorkValue@ 0000000180011338     HybridControllerD2D2_sfun_registry.obj
 0002:00002348       ??_C@_0BA@GAICMFAE@ssGetPWorkValue@ 0000000180011348     HybridControllerD2D2_sfun_registry.obj
 0002:00002358       ??_C@_0BM@MAMNFKCN@ssGetInputPortBufferDstPort@ 0000000180011358     HybridControllerD2D2_sfun_registry.obj
 0002:00002378       __real@41602cbca0000000    0000000180011378     HybridControllerD2D2_sfun_registry.obj
 0002:00002380       __real@bff0000000000000    0000000180011380     HybridControllerD2D2_sfun_registry.obj
 0002:00002388       ??_C@_0DN@JMEJKCPJ@PredictorCorrector?3?3initData?5?9?5@ 0000000180011388     PredictorCorrector.obj
 0002:000023d0       ??_C@_0EA@DDAMJCLE@PredictorCorrector?3?3initData?5?9?5@ 00000001800113d0     PredictorCorrector.obj
 0002:00002410       ??_C@_0ED@JCLOAPGE@PredictorCorrector?3?3initData?5?9?5@ 0000000180011410     PredictorCorrector.obj
 0002:00002458       __real@3fb5555555555555    0000000180011458     PredictorCorrector.obj
 0002:00002460       __real@3fe0000000000000    0000000180011460     PredictorCorrector.obj
 0002:00002468       __real@4000000000000000    0000000180011468     PredictorCorrector.obj
 0002:00002470       __real@4008000000000000    0000000180011470     PredictorCorrector.obj
 0002:00002478       __real@4014000000000000    0000000180011478     PredictorCorrector.obj
 0002:00002480       __real@4018000000000000    0000000180011480     PredictorCorrector.obj
 0002:00002488       __real@401c000000000000    0000000180011488     PredictorCorrector.obj
 0002:00002490       __real@4020000000000000    0000000180011490     PredictorCorrector.obj
 0002:00002498       __real@4024000000000000    0000000180011498     PredictorCorrector.obj
 0002:000024a0       __real@4026000000000000    00000001800114a0     PredictorCorrector.obj
 0002:000024a8       __real@4028000000000000    00000001800114a8     PredictorCorrector.obj
 0002:000024b0       __real@4030000000000000    00000001800114b0     PredictorCorrector.obj
 0002:000024b8       __real@4032000000000000    00000001800114b8     PredictorCorrector.obj
 0002:000024c0       __real@4039000000000000    00000001800114c0     PredictorCorrector.obj
 0002:000024c8       __real@4042000000000000    00000001800114c8     PredictorCorrector.obj
 0002:000024d0       __real@4046800000000000    00000001800114d0     PredictorCorrector.obj
 0002:000024d8       __real@4048000000000000    00000001800114d8     PredictorCorrector.obj
 0002:000024e0       __real@404e800000000000    00000001800114e0     PredictorCorrector.obj
 0002:000024e8       __real@4063400000000000    00000001800114e8     PredictorCorrector.obj
 0002:000024f0       __real@4063800000000000    00000001800114f0     PredictorCorrector.obj
 0002:000024f8       __real@406ac00000000000    00000001800114f8     PredictorCorrector.obj
 0002:00002500       __xmm@7fffffffffffffff7fffffffffffffff 0000000180011500     PredictorCorrector.obj
 0002:00002510       _pRawDllMain               0000000180011510     MSVCRT:dll_dllmain.obj
 0002:00002510       _pDefaultRawDllMain        0000000180011510     MSVCRT:dll_dllmain.obj
 0002:00002530       __xmm@ffffffffffffffffffffffffffffffff 0000000180011530     MSVCRT:utility.obj
 0002:00002560       _load_config_used          0000000180011560     MSVCRT:loadcfg.obj
 0002:00002700       __CastGuardVftablesStart   0000000180011700     MSVCRT:guard_support.obj
 0002:00002708       __CastGuardVftablesEnd     0000000180011708     MSVCRT:guard_support.obj
 0002:00002710       __volatile_metadata        0000000180011710     <linker-defined>
 0002:000029a8       __rtc_iaa                  00000001800119a8     MSVCRT:initsect.obj
 0002:000029b0       __rtc_izz                  00000001800119b0     MSVCRT:initsect.obj
 0002:000029b8       __rtc_taa                  00000001800119b8     MSVCRT:initsect.obj
 0002:000029c0       __rtc_tzz                  00000001800119c0     MSVCRT:initsect.obj
 0002:00003ae4       __IMPORT_DESCRIPTOR_sf_runtime 0000000180012ae4     sf_runtime:sf_runtime.dll
 0002:00003af8       __IMPORT_DESCRIPTOR_libmx  0000000180012af8     libmx:libmx.dll
 0002:00003b0c       __IMPORT_DESCRIPTOR_libmex 0000000180012b0c     libmex:libmex.dll
 0002:00003b20       __IMPORT_DESCRIPTOR_libut  0000000180012b20     libut:libut.dll
 0002:00003b34       __IMPORT_DESCRIPTOR_libmwmathutil 0000000180012b34     libmwmathutil:libmwmathutil.dll
 0002:00003b48       __IMPORT_DESCRIPTOR_KERNEL32 0000000180012b48     kernel32:KERNEL32.dll
 0002:00003b5c       __IMPORT_DESCRIPTOR_VCRUNTIME140 0000000180012b5c     vcruntime:VCRUNTIME140.dll
 0002:00003b70       __IMPORT_DESCRIPTOR_api-ms-win-crt-string-l1-1-0 0000000180012b70     ucrt:api-ms-win-crt-string-l1-1-0.dll
 0002:00003b84       __IMPORT_DESCRIPTOR_api-ms-win-crt-stdio-l1-1-0 0000000180012b84     ucrt:api-ms-win-crt-stdio-l1-1-0.dll
 0002:00003b98       __IMPORT_DESCRIPTOR_api-ms-win-crt-heap-l1-1-0 0000000180012b98     ucrt:api-ms-win-crt-heap-l1-1-0.dll
 0002:00003bac       __IMPORT_DESCRIPTOR_api-ms-win-crt-math-l1-1-0 0000000180012bac     ucrt:api-ms-win-crt-math-l1-1-0.dll
 0002:00003bc0       __IMPORT_DESCRIPTOR_api-ms-win-crt-runtime-l1-1-0 0000000180012bc0     ucrt:api-ms-win-crt-runtime-l1-1-0.dll
 0002:00003bd4       __NULL_IMPORT_DESCRIPTOR   0000000180012bd4     sf_runtime:sf_runtime.dll
 0003:00000000       DYNAMIC_DIMENSION          0000000180014000     HybridControllerD2D2_sfun_registry.obj
 0003:00000030       __security_cookie_complement 0000000180014030     MSVCRT:gs_cookie.obj
 0003:00000038       __security_cookie          0000000180014038     MSVCRT:gs_cookie.obj
 0003:00000040       _fltused                   0000000180014040     MSVCRT:fltused.obj
 0003:00000044       __scrt_native_dllmain_reason 0000000180014044     MSVCRT:utility.obj
 0003:00000048       __isa_available            0000000180014048     MSVCRT:cpu_disp.obj
 0003:0000004c       __isa_enabled              000000018001404c     MSVCRT:cpu_disp.obj
 0003:00000050       __memcpy_nt_iters          0000000180014050     MSVCRT:cpu_disp.obj
 0003:00000058       __memset_nt_iters          0000000180014058     MSVCRT:cpu_disp.obj
 0003:00000060       __scrt_ucrt_dll_is_in_use  0000000180014060     MSVCRT:ucrt_stubs.obj
 0003:00000ec0       ?__type_info_root_node@@3U__type_info_node@@A 0000000180014ec0     MSVCRT:tncleanup.obj
 0003:00000ed0       ?_OptionsStorage@?1??__local_stdio_printf_options@@9@4_KA 0000000180014ed0     MSVCRT:default_local_stdio_options.obj
[...]
 0002:000030cc       $unwind$_ssSetOutputPortReusableFcn 00000001800120cc     HybridControllerD2D2_sfun_registry.obj
 0002:000030e0       $unwind$_ssRegisterSymbolicDimsExpr 00000001800120e0     HybridControllerD2D2_sfun_registry.obj
 0002:000030e8       $unwind$_ssRegisterSymbolicDims 00000001800120e8     HybridControllerD2D2_sfun_registry.obj
 0002:000030f0       $unwind$_ssRegisterSymbolicDimsString 00000001800120f0     HybridControllerD2D2_sfun_registry.obj
 0002:000030f8       $unwind$_ssRegisterSymbolicDimsIntValue 00000001800120f8     HybridControllerD2D2_sfun_registry.obj
 0002:00003100       $unwind$_ssRegisterSymbolicDimsPlus 0000000180012100     HybridControllerD2D2_sfun_registry.obj
 0002:00003108       $unwind$_ssRegisterSymbolicDimsMinus 0000000180012108     HybridControllerD2D2_sfun_registry.obj
 0002:00003110       $unwind$_ssRegisterSymbolicDimsMultiply 0000000180012110     HybridControllerD2D2_sfun_registry.obj
 0002:00003118       $unwind$_ssRegisterSymbolicDimsDivide 0000000180012118     HybridControllerD2D2_sfun_registry.obj
 0002:00003120       $unwind$_ssGetNumSymbolicDims 0000000180012120     HybridControllerD2D2_sfun_registry.obj
 0002:00003128       $unwind$_ssGetSymbolicDim  0000000180012128     HybridControllerD2D2_sfun_registry.obj
 0002:00003130       $unwind$_ssSetInputPortSymbolicDimsId 0000000180012130     HybridControllerD2D2_sfun_registry.obj
 0002:00003138       $unwind$_ssGetCompInputPortSymbolicDimsId 0000000180012138     HybridControllerD2D2_sfun_registry.obj
 0002:00003140       $unwind$_ssSetCompInputPortSymbolicDimsId 0000000180012140     HybridControllerD2D2_sfun_registry.obj
 0002:00003148       $unwind$_ssSetOutputPortSymbolicDimsId 0000000180012148     HybridControllerD2D2_sfun_registry.obj
 0002:00003150       $unwind$_ssGetCompOutputPortSymbolicDimsId 0000000180012150     HybridControllerD2D2_sfun_registry.obj
 0002:00003158       $unwind$_ssSetCompOutputPortSymbolicDimsId 0000000180012158     HybridControllerD2D2_sfun_registry.obj
 0002:00003160       $unwind$_ssSetCompDWorkSymbolicDimsId 0000000180012160     HybridControllerD2D2_sfun_registry.obj
 0002:00003168       $unwind$sf_process_check_sum_call 0000000180012168     HybridControllerD2D2_sfun_registry.obj
 0002:00003170       $unwind$sf_process_get_third_party_uses_info_call 0000000180012170     HybridControllerD2D2_sfun_registry.obj
 0002:00003188       $unwind$sf_process_get_jit_fallback_info_call 0000000180012188     HybridControllerD2D2_sfun_registry.obj
 0002:000031a0       $unwind$sf_process_get_post_codegen_info_call 00000001800121a0     HybridControllerD2D2_sfun_registry.obj
 0002:000031b8       $unwind$sf_process_get_updateBuildInfo_args_info_call 00000001800121b8     HybridControllerD2D2_sfun_registry.obj
 0002:000031d0       $unwind$sf_process_get_eml_resolved_functions_info_call 00000001800121d0     HybridControllerD2D2_sfun_registry.obj
 0002:000031e8       $unwind$sf_mex_unlock_call 00000001800121e8     HybridControllerD2D2_sfun_registry.obj
 0002:000031f8       $unwind$ProcessMexSfunctionCmdLineCall 00000001800121f8     HybridControllerD2D2_sfun_registry.obj
 0002:00003214       $unwind$sf_machine_global_method_dispatcher 0000000180012214     HybridControllerD2D2_sfun_registry.obj
 0002:00003224       $unwind$sf_machine_global_initializer 0000000180012224     HybridControllerD2D2_sfun_registry.obj
 0002:0000322c       $unwind$mdlGetSimState     000000018001222c     HybridControllerD2D2_sfun_registry.obj
 0002:00003234       $unwind$mdlSetSimState     0000000180012234     HybridControllerD2D2_sfun_registry.obj
 0002:00003240       $unwind$mdl_setup_runtime_resources_processing 0000000180012240     HybridControllerD2D2_sfun_registry.obj
 0002:00003248       $unwind$mdl_cleanup_runtime_resources_processing 0000000180012248     HybridControllerD2D2_sfun_registry.obj
 0002:00003258       $unwind$mdl_start_processing 0000000180012258     HybridControllerD2D2_sfun_registry.obj
 0002:00003260       $unwind$mdl_terminate_processing 0000000180012260     HybridControllerD2D2_sfun_registry.obj
 0002:00003268       $unwind$mdl_outputs_continuous_legacy 0000000180012268     HybridControllerD2D2_sfun_registry.obj
 0002:00003270       $unwind$mdl_outputs_processing 0000000180012270     HybridControllerD2D2_sfun_registry.obj
 0002:0000327c       $unwind$mdl_zeroCrossings_processing 000000018001227c     HybridControllerD2D2_sfun_registry.obj
 0002:00003284       $unwind$mdl_derivatives_processing 0000000180012284     HybridControllerD2D2_sfun_registry.obj
 0002:0000328c       $unwind$mdl_initialize_conditions_processing 000000018001228c     HybridControllerD2D2_sfun_registry.obj
 0002:00003294       $unwind$mdl_ext_mode_exec_processing 0000000180012294     HybridControllerD2D2_sfun_registry.obj
 0002:0000329c       $unwind$mdlRTW             000000018001229c     HybridControllerD2D2_sfun_registry.obj
 0002:000032a8       $unwind$mdl_enable_processing 00000001800122a8     HybridControllerD2D2_sfun_registry.obj
 0002:000032b0       $unwind$mdl_disable_processing 00000001800122b0     HybridControllerD2D2_sfun_registry.obj
 0002:000032b8       $unwind$mdl_update_processing 00000001800122b8     HybridControllerD2D2_sfun_registry.obj
 0002:000032c0       $unwind$ProcessMexSfunctionEveryCall 00000001800122c0     HybridControllerD2D2_sfun_registry.obj
 0002:000032c8       $unwind$_RegNumInputPortsCB 00000001800122c8     HybridControllerD2D2_sfun_registry.obj
 0002:000032d0       $unwind$_RegNumOutputPortsCB 00000001800122d0     HybridControllerD2D2_sfun_registry.obj
 0002:000032d8       $unwind$_CreateSimStruct   00000001800122d8     HybridControllerD2D2_sfun_registry.obj
 0002:000032f4       $unwind$_ProcessMexSfunctionCmdLineCall 00000001800122f4     HybridControllerD2D2_sfun_registry.obj
 0002:00003314       $unwind$ReportIndexOutOfBoundsError 0000000180012314     HybridControllerD2D2_sfun_registry.obj
 0002:00003328       $chain$0$ReportIndexOutOfBoundsError 0000000180012328     HybridControllerD2D2_sfun_registry.obj
 0002:0000333c       $chain$1$ReportIndexOutOfBoundsError 000000018001233c     HybridControllerD2D2_sfun_registry.obj
 0002:0000334c       $unwind$initData           000000018001234c     PredictorCorrector.obj
 0002:00003354       $unwind$setNewSig          0000000180012354     PredictorCorrector.obj
 0002:0000335c       $chain$9$setNewSig         000000018001235c     PredictorCorrector.obj
 0002:00003394       $chain$10$setNewSig        0000000180012394     PredictorCorrector.obj
 0002:000033a4       $unwind$getNumSubSteps     00000001800123a4     PredictorCorrector.obj
 0002:000033c8       $unwind$predictP2          00000001800123c8     PredictorCorrector.obj
 0002:000033d0       $chain$0$predictP2         00000001800123d0     PredictorCorrector.obj
 0002:000033e4       $chain$1$predictP2         00000001800123e4     PredictorCorrector.obj
 0002:000033f4       $unwind$correctP2          00000001800123f4     PredictorCorrector.obj
 0002:000033fc       $chain$0$correctP2         00000001800123fc     PredictorCorrector.obj
 0002:00003410       $chain$1$correctP2         0000000180012410     PredictorCorrector.obj
 0002:00003420       $unwind$predictP3          0000000180012420     PredictorCorrector.obj
 0002:00003428       $chain$2$predictP3         0000000180012428     PredictorCorrector.obj
 0002:00003444       $chain$3$predictP3         0000000180012444     PredictorCorrector.obj
 0002:00003454       $unwind$correctP3          0000000180012454     PredictorCorrector.obj
 0002:0000345c       $chain$2$correctP3         000000018001245c     PredictorCorrector.obj
 0002:00003478       $chain$3$correctP3         0000000180012478     PredictorCorrector.obj
 0002:00003488       $unwind$predictD2          0000000180012488     PredictorCorrector.obj
 0002:00003490       $chain$1$predictD2         0000000180012490     PredictorCorrector.obj
 0002:000034a8       $chain$2$predictD2         00000001800124a8     PredictorCorrector.obj
 0002:000034b8       $unwind$predictV2          00000001800124b8     PredictorCorrector.obj
 0002:000034c0       $chain$1$predictV2         00000001800124c0     PredictorCorrector.obj
 0002:000034d8       $chain$2$predictV2         00000001800124d8     PredictorCorrector.obj
 0002:000034e8       $unwind$correctD2          00000001800124e8     PredictorCorrector.obj
 0002:000034f4       $chain$2$correctD2         00000001800124f4     PredictorCorrector.obj
 0002:00003510       $chain$3$correctD2         0000000180012510     PredictorCorrector.obj
 0002:00003520       $unwind$correctV2          0000000180012520     PredictorCorrector.obj
 0002:00003528       $chain$3$correctV2         0000000180012528     PredictorCorrector.obj
 0002:00003548       $chain$4$correctV2         0000000180012548     PredictorCorrector.obj
 0002:00003558       $unwind$predictD3          0000000180012558     PredictorCorrector.obj
 0002:00003564       $chain$4$predictD3         0000000180012564     PredictorCorrector.obj
 0002:00003588       $chain$5$predictD3         0000000180012588     PredictorCorrector.obj
 0002:00003598       $unwind$predictV3          0000000180012598     PredictorCorrector.obj
 0002:000035a4       $chain$8$predictV3         00000001800125a4     PredictorCorrector.obj
 0002:000035d8       $chain$9$predictV3         00000001800125d8     PredictorCorrector.obj
 0002:000035e8       $unwind$predictA3          00000001800125e8     PredictorCorrector.obj
 0002:000035f4       $chain$6$predictA3         00000001800125f4     PredictorCorrector.obj
 0002:00003620       $chain$7$predictA3         0000000180012620     PredictorCorrector.obj
 0002:00003630       $unwind$correctD3          0000000180012630     PredictorCorrector.obj
 0002:0000363c       $chain$7$correctD3         000000018001263c     PredictorCorrector.obj
 0002:0000366c       $chain$8$correctD3         000000018001266c     PredictorCorrector.obj
 0002:0000367c       $unwind$correctV3          000000018001267c     PredictorCorrector.obj
 0002:00003684       $chain$9$correctV3         0000000180012684     PredictorCorrector.obj
 0002:000036bc       $chain$10$correctV3        00000001800126bc     PredictorCorrector.obj
 0002:000036cc       $unwind$correctA3          00000001800126cc     PredictorCorrector.obj
 0002:000036d8       $chain$6$correctA3         00000001800126d8     PredictorCorrector.obj
 0002:00003704       $chain$7$correctA3         0000000180012704     PredictorCorrector.obj
 0002:00003714       $unwind$predictDV          0000000180012714     PredictorCorrector.obj
 0002:0000371c       $chain$0$predictDV         000000018001271c     PredictorCorrector.obj
 0002:00003730       $chain$1$predictDV         0000000180012730     PredictorCorrector.obj
 0002:00003740       $unwind$correctDV          0000000180012740     PredictorCorrector.obj
 0002:0000374c       $chain$1$correctDV         000000018001274c     PredictorCorrector.obj
 0002:00003764       $chain$2$correctDV         0000000180012764     PredictorCorrector.obj
 0002:00003774       $unwind$correctDVA         0000000180012774     PredictorCorrector.obj
 0002:00003780       $chain$5$correctDVA        0000000180012780     PredictorCorrector.obj
 0002:000037a8       $chain$6$correctDVA        00000001800127a8     PredictorCorrector.obj
 0002:000037b8       $unwind$_vfprintf_l        00000001800127b8     PredictorCorrector.obj
 0002:000037cc       $unwind$printf             00000001800127cc     PredictorCorrector.obj
 0002:000037d8       $unwind$__GSHandlerCheckCommon 00000001800127d8     MSVCRT:gshandler.obj
 0002:000037e0       $unwind$__GSHandlerCheck   00000001800127e0     MSVCRT:gshandler.obj
 0002:000037e8       $xdatasym                  00000001800127e8     MSVCRT:amdsecgs.obj
 0002:000037ec       $unwind$?dllmain_crt_process_attach@@YAHQEAUHINSTANCE__@@QEAX@Z 00000001800127ec     MSVCRT:dll_dllmain.obj
 0002:00003828       $unwind$?fin$0@?0??dllmain_crt_process_attach@@YAHQEAUHINSTANCE__@@QEAX@Z@4HA 0000000180012828     MSVCRT:dll_dllmain.obj
 0002:00003830       $unwind$?dllmain_crt_process_detach@@YAH_N@Z 0000000180012830     MSVCRT:dll_dllmain.obj
 0002:00003884       $unwind$?fin$0@?0??dllmain_crt_process_detach@@YAH_N@Z@4HA 0000000180012884     MSVCRT:dll_dllmain.obj
 0002:0000388c       $unwind$?fin$1@?0??dllmain_crt_process_detach@@YAH_N@Z@4HA 000000018001288c     MSVCRT:dll_dllmain.obj
 0002:00003894       $unwind$?dllmain_crt_dispatch@@YAHQEAUHINSTANCE__@@KQEAX@Z 0000000180012894     MSVCRT:dll_dllmain.obj
 0002:0000389c       $unwind$?dllmain_dispatch@@YAHQEAUHINSTANCE__@@KQEAX@Z 000000018001289c     MSVCRT:dll_dllmain.obj
 0002:000038c4       $unwind$?filt$0@?0??dllmain_dispatch@@YAHQEAUHINSTANCE__@@KQEAX@Z@4HA 00000001800128c4     MSVCRT:dll_dllmain.obj
 0002:000038cc       $unwind$_DllMainCRTStartup 00000001800128cc     MSVCRT:dll_dllmain.obj
 0002:000038dc       $unwind$__report_securityfailure 00000001800128dc     MSVCRT:gs_report.obj
 0002:000038e4       $unwind$__report_securityfailureEx 00000001800128e4     MSVCRT:gs_report.obj
 0002:000038ec       $unwind$__report_rangecheckfailure 00000001800128ec     MSVCRT:gs_report.obj
 0002:000038f4       $unwind$__report_gsfailure 00000001800128f4     MSVCRT:gs_report.obj
 0002:000038fc       $unwind$capture_current_context 00000001800128fc     MSVCRT:gs_report.obj
 0002:00003908       $unwind$capture_previous_context 0000000180012908     MSVCRT:gs_report.obj
 0002:00003914       $unwind$__raise_securityfailure 0000000180012914     MSVCRT:gs_report.obj
 0002:0000391c       $unwind$__security_init_cookie 000000018001291c     MSVCRT:gs_support.obj
 0002:00003928       $unwind$__get_entropy      0000000180012928     MSVCRT:gs_support.obj
 0002:00003930       $unwind$DllMain            0000000180012930     MSVCRT:dll_dllmain_stub.obj
 0002:00003938       $unwind$__scrt_initialize_default_local_stdio_options 0000000180012938     MSVCRT:default_local_stdio_options.obj
 0002:00003940       $unwind$atexit             0000000180012940     MSVCRT:utility.obj
 0002:00003948       $unwind$_onexit            0000000180012948     MSVCRT:utility.obj
 0002:00003950       $unwind$__scrt_is_nonwritable_in_current_image 0000000180012950     MSVCRT:utility.obj
 0002:00003970       $unwind$__scrt_is_nonwritable_in_current_image$filt$0 0000000180012970     MSVCRT:utility.obj
 0002:00003978       $unwind$__scrt_acquire_startup_lock 0000000180012978     MSVCRT:utility.obj
 0002:00003980       $unwind$__scrt_release_startup_lock 0000000180012980     MSVCRT:utility.obj
 0002:00003988       $unwind$__scrt_initialize_crt 0000000180012988     MSVCRT:utility.obj
 0002:00003990       $unwind$__scrt_uninitialize_crt 0000000180012990     MSVCRT:utility.obj
 0002:00003998       $unwind$__scrt_initialize_onexit_tables 0000000180012998     MSVCRT:utility.obj
 0002:000039a0       $unwind$__scrt_dllmain_exception_filter 00000001800129a0     MSVCRT:utility.obj
 0002:000039b4       $unwind$__scrt_dllmain_before_initialize_c 00000001800129b4     MSVCRT:utility.obj
 0002:000039bc       $unwind$__scrt_dllmain_after_initialize_c 00000001800129bc     MSVCRT:utility.obj
 0002:000039c4       $unwind$__scrt_dllmain_uninitialize_c 00000001800129c4     MSVCRT:utility.obj
 0002:000039cc       $unwind$__scrt_dllmain_uninitialize_critical 00000001800129cc     MSVCRT:utility.obj
 0002:000039d4       $unwind$__scrt_dllmain_crt_thread_attach 00000001800129d4     MSVCRT:utility.obj
 0002:000039dc       $unwind$__scrt_dllmain_crt_thread_detach 00000001800129dc     MSVCRT:utility.obj
 0002:000039e4       $unwind$?configure_argv@__scrt_narrow_argv_policy@@SAHXZ 00000001800129e4     MSVCRT:utility.obj
 0002:000039ec       $unwind$__scrt_get_show_window_mode 00000001800129ec     MSVCRT:utility_desktop.obj
 0002:000039f4       $unwind$__scrt_is_managed_app 00000001800129f4     MSVCRT:utility_desktop.obj
 0002:000039fc       $unwind$__scrt_fastfail    00000001800129fc     MSVCRT:utility_desktop.obj
 0002:00003a0c       $unwind$__scrt_unhandled_exception_filter 0000000180012a0c     MSVCRT:utility_desktop.obj
 0002:00003a18       $unwind$_RTC_Initialize    0000000180012a18     MSVCRT:initsect.obj
 0002:00003a24       $unwind$_RTC_Terminate     0000000180012a24     MSVCRT:initsect.obj
 0002:00003a30       $unwind$__castguard_check_failure_os_handled 0000000180012a30     MSVCRT:guard_support.obj
 0002:00003a38       $unwind$__castguard_slow_path_check_os_handled 0000000180012a38     MSVCRT:guard_support.obj
 0002:00003a40       $unwind$__isa_available_init 0000000180012a40     MSVCRT:cpu_disp.obj
 0002:00003a50       $xdatasym                  0000000180012a50     MSVCRT:guard_dispatch.obj
 0002:00003a58       $xdatasym                  0000000180012a58     MSVCRT:guard_xfg_dispatch.obj
 0002:00003a60       .edata                     0000000180012a60     HybridControllerD2D2_sfun.exp
 0002:00003a88       rgpv                       0000000180012a88     HybridControllerD2D2_sfun.exp
 0002:00003a90       rgszName                   0000000180012a90     HybridControllerD2D2_sfun.exp
 0002:00003a98       rgwOrd                     0000000180012a98     HybridControllerD2D2_sfun.exp
 0002:00003a9c       szName                     0000000180012a9c     HybridControllerD2D2_sfun.exp
 0002:00003abd       $N00001                    0000000180012abd     HybridControllerD2D2_sfun.exp
 0002:00003ac9       $N00002                    0000000180012ac9     HybridControllerD2D2_sfun.exp
 0002:000043c0       .idata$6                   00000001800133c0     sf_runtime:sf_runtime.dll
 0002:0000453a       .idata$6                   000000018001353a     libmx:libmx.dll
 0002:000045ce       .idata$6                   00000001800135ce     libmex:libmex.dll
 0002:000045f0       .idata$6                   00000001800135f0     libut:libut.dll
 0002:00004622       .idata$6                   0000000180013622     libmwmathutil:libmwmathutil.dll
 0002:000047c0       .idata$6                   00000001800137c0     kernel32:KERNEL32.dll
 0002:0000484e       .idata$6                   000000018001384e     vcruntime:VCRUNTIME140.dll
 0002:000049c6       .idata$6                   00000001800139c6     ucrt:api-ms-win-crt-string-l1-1-0.dll
 0002:000049e8       .idata$6                   00000001800139e8     ucrt:api-ms-win-crt-stdio-l1-1-0.dll
 0002:00004a08       .idata$6                   0000000180013a08     ucrt:api-ms-win-crt-heap-l1-1-0.dll
 0002:00004a28       .idata$6                   0000000180013a28     ucrt:api-ms-win-crt-math-l1-1-0.dll
 0002:00004a48       .idata$6                   0000000180013a48     ucrt:api-ms-win-crt-runtime-l1-1-0.dll
 0003:00000008       _sfcnName                  0000000180014008     HybridControllerD2D2_sfun_registry.obj
 0003:00000070       sRtwOptimizationInfoStruct 0000000180014070     HybridControllerD2D2_sfun.obj
 0003:00000078       sOptimizationInfoFlags     0000000180014078     HybridControllerD2D2_sfun.obj
 0003:00000080       _sfTime_                   0000000180014080     c2_HybridControllerD2D2.obj
 0003:00000090       ?newstr@?1??sf_c2_HybridControllerD2D2_get_post_codegen_info@@9@9 0000000180014090     c2_HybridControllerD2D2.obj
 0003:00000948       sfGlobalMdlStartCallCounts 0000000180014948     HybridControllerD2D2_sfun_registry.obj
 0003:0000094c       ?__proc_attached@@3HA      000000018001494c     MSVCRT:dll_dllmain.obj
 0003:00000950       GS_ExceptionRecord         0000000180014950     MSVCRT:gs_report.obj
 0003:000009f0       GS_ContextRecord           00000001800149f0     MSVCRT:gs_report.obj
 0003:00000ef0       ?is_initialized_as_dll@@3_NA 0000000180014ef0     MSVCRT:utility.obj
 0003:00000ef1       ?module_local_atexit_table_initialized@@3_NA 0000000180014ef1     MSVCRT:utility.obj
 0003:00000ef8       ?module_local_atexit_table@@3U_onexit_table_t@@A 0000000180014ef8     MSVCRT:utility.obj
 0003:00000f10       ?module_local_at_quick_exit_table@@3U_onexit_table_t@@A 0000000180014f10     MSVCRT:utility.obj
